<html>
<body>
<pre>
<h1>µVision Build Log</h1>
<h2>Tool Versions:</h2>
IDE-Version: µVision V5.22.0.0
Copyright (C) 2016 ARM Ltd and ARM Germany GmbH. All rights reserved.
License Information: A b, c, LIC=AK1CX-HXB9Y-XCIJ0-B43X2-ZBPKA-5LEDR
 
Tool Versions:
Toolchain:       MDK-ARM Professional  Version: 5.22
Toolchain Path:  C:\Keil_v5\ARM\ARMCC\Bin
C Compiler:      Armcc.exe V5.06 update 4 (build 422)
Assembler:       Armasm.exe V5.06 update 4 (build 422)
Linker/Locator:  ArmLink.exe V5.06 update 4 (build 422)
Library Manager: ArmAr.exe V5.06 update 4 (build 422)
Hex Converter:   FromElf.exe V5.06 update 4 (build 422)
CPU DLL:         SARMCM3.DLL V5.22
Dialog DLL:      DCM.DLL V1.13.9.0
Target DLL:      STLink\ST-LINKIII-KEIL_SWO.dll V2.0.18.0
Dialog DLL:      TCM.DLL V1.21.0.0
 
<h2>Project:</h2>
C:\Users\Þçåð\Desktop\CH3\boot\Booter\STM32_Booter\MDK-ARM\F105_1_16_05_17.uvprojx
Project File Date:  07/15/2017

<h2>Output:</h2>
*** Using Compiler 'V5.06 update 4 (build 422)', folder: 'C:\Keil_v5\ARM\ARMCC\Bin'
Rebuild target 'F105_1_16_05_17'
assembling startup_stm32f105xc.s...
compiling usbd_ioreq.c...
compiling system_stm32f1xx.c...
compiling usbd_cdc.c...
compiling usbd_ctlreq.c...
compiling usbd_core.c...
compiling usbd_desc.c...
compiling main.c...
../Inc/led_manager.h(2): warning:  #1-D: last line of file ends without a newline
  void my_led_off(unsigned char led);
../Src/main.c(46): warning:  #177-D: function "MX_CAN1_Init"  was declared but never referenced
  static void MX_CAN1_Init(void);
../Src/main.c(47): warning:  #177-D: function "MX_CAN2_Init"  was declared but never referenced
  static void MX_CAN2_Init(void);
../Src/main.c: 3 warnings, 0 errors
compiling stm32f1xx_it.c...
compiling usbd_cdc_if.c...
../Inc/led_manager.h(2): warning:  #1-D: last line of file ends without a newline
  void my_led_off(unsigned char led);
../Src/usbd_cdc_if.c(265): warning:  #177-D: variable "i"  was declared but never referenced
  unsigned char i; 
../Src/usbd_cdc_if.c: 2 warnings, 0 errors
compiling usbd_conf.c...
compiling usb_device.c...
compiling stm32f1xx_hal_msp.c...
compiling can.c...
compiling led_manager.c...
../Inc/led_manager.h(2): warning:  #1-D: last line of file ends without a newline
  void my_led_off(unsigned char led);
..\Src\led_manager.c: 1 warning, 0 errors
compiling stm32f1xx_hal_gpio.c...
compiling bootloader_function.c...
..\Src\bootloader_function.c(22): warning:  #111-D: statement is unreachable
                      break;
..\Src\bootloader_function.c(25): warning:  #111-D: statement is unreachable
                      break;
..\Src\bootloader_function.c(28): warning:  #111-D: statement is unreachable
                      break;
..\Src\bootloader_function.c(31): warning:  #111-D: statement is unreachable
                      break;
..\Src\bootloader_function.c(34): warning:  #111-D: statement is unreachable
                      break;
..\Src\bootloader_function.c(37): warning:  #111-D: statement is unreachable
                      break;
..\Src\bootloader_function.c(40): warning:  #111-D: statement is unreachable
                      break;
..\Src\bootloader_function.c(43): warning:  #111-D: statement is unreachable
                      break;
..\Src\bootloader_function.c(46): warning:  #111-D: statement is unreachable
                      break;
..\Src\bootloader_function.c(49): warning:  #111-D: statement is unreachable
                      break;
..\Src\bootloader_function.c(52): warning:  #111-D: statement is unreachable
                      break;
..\Src\bootloader_function.c(55): warning:  #111-D: statement is unreachable
                      break;
..\Src\bootloader_function.c(58): warning:  #111-D: statement is unreachable
                      break;
..\Src\bootloader_function.c(61): warning:  #111-D: statement is unreachable
                      break;
..\Src\bootloader_function.c(64): warning:  #111-D: statement is unreachable
                      break;
..\Src\bootloader_function.c(67): warning:  #111-D: statement is unreachable
                      break;
..\Src\bootloader_function.c(85): warning:  #111-D: statement is unreachable
  	    break;
..\Src\bootloader_function.c(88): warning:  #111-D: statement is unreachable
  		  break;
..\Src\bootloader_function.c(91): warning:  #111-D: statement is unreachable
  		  break;
..\Src\bootloader_function.c(94): warning:  #111-D: statement is unreachable
  		  break;
..\Src\bootloader_function.c(97): warning:  #111-D: statement is unreachable
  		  break;
..\Src\bootloader_function.c(100): warning:  #111-D: statement is unreachable
  		  break;
..\Src\bootloader_function.c(103): warning:  #111-D: statement is unreachable
  	    break;
..\Src\bootloader_function.c(106): warning:  #111-D: statement is unreachable
  		  break;
..\Src\bootloader_function.c(109): warning:  #111-D: statement is unreachable
  		  break;
..\Src\bootloader_function.c(112): warning:  #111-D: statement is unreachable
  		  break;
..\Src\bootloader_function.c(115): warning:  #111-D: statement is unreachable
  		  break;
..\Src\bootloader_function.c(118): warning:  #111-D: statement is unreachable
  		  break;	
..\Src\bootloader_function.c(121): warning:  #111-D: statement is unreachable
  		  break;
..\Src\bootloader_function.c(124): warning:  #111-D: statement is unreachable
  		  break;
..\Src\bootloader_function.c(127): warning:  #111-D: statement is unreachable
  		  break;
..\Src\bootloader_function.c(130): warning:  #111-D: statement is unreachable
  		  break;
..\Src\bootloader_function.c: 32 warnings, 0 errors
compiling stm32f1xx_hal_pcd_ex.c...
compiling stm32f1xx_hal_tim_ex.c...
compiling stm32f1xx_hal.c...
compiling stm32f1xx_hal_flash.c...
compiling stm32f1xx_ll_usb.c...
compiling stm32f1xx_hal_rcc.c...
compiling stm32f1xx_hal_pcd.c...
compiling stm32f1xx_hal_pwr.c...
compiling stm32f1xx_hal_rcc_ex.c...
compiling stm32f1xx_hal_flash_ex.c...
compiling stm32f1xx_hal_cortex.c...
compiling stm32f1xx_hal_tim.c...
compiling stm32f1xx_hal_gpio_ex.c...
compiling stm32f1xx_hal_dma.c...
compiling stm32f1xx_hal_can.c...
linking...
Program Size: Code=15120 RO-data=544 RW-data=384 ZI-data=14232  
"F105_1_16_05_17\F105_1_16_05_17.axf" - 0 Error(s), 38 Warning(s).

<h2>Software Packages used:</h2>

Package Vendor: ARM
                http://www.keil.com/pack/ARM.CMSIS.5.0.0.pack
                ARM::CMSIS:CORE:5.0.0
                CMSIS (Cortex Microcontroller Software Interface Standard)
   * Component: CORE Version: 5.0.0

<h2>Collection of Component include folders:</h2>
  C:\Users\Þçåð\Desktop\CH3\boot\Booter\STM32_Booter\MDK-ARM\RTE\_F105_1_16_05_17
  C:\Keil_v5\ARM\PACK\ARM\CMSIS\5.0.0\CMSIS\Include
  C:\Keil_v5\ARM\PACK\Keil\STM32F1xx_DFP\2.1.0\Device\Include

<h2>Collection of Component Files used:</h2>

   * Component: ARM::CMSIS:CORE:5.0.0
Build Time Elapsed:  00:01:30
</pre>
</body>
</html>
