Component: ARM Compiler 5.06 update 4 (build 422) Tool: armlink [4d35d2]

==============================================================================

Section Cross References

    startup_stm32f105xc.o(RESET) refers to startup_stm32f105xc.o(STACK) for __initial_sp
    startup_stm32f105xc.o(RESET) refers to startup_stm32f105xc.o(.text) for Reset_Handler
    startup_stm32f105xc.o(RESET) refers to stm32f1xx_it.o(i.NMI_Handler) for NMI_Handler
    startup_stm32f105xc.o(RESET) refers to stm32f1xx_it.o(i.HardFault_Handler) for HardFault_Handler
    startup_stm32f105xc.o(RESET) refers to stm32f1xx_it.o(i.MemManage_Handler) for MemManage_Handler
    startup_stm32f105xc.o(RESET) refers to stm32f1xx_it.o(i.BusFault_Handler) for BusFault_Handler
    startup_stm32f105xc.o(RESET) refers to stm32f1xx_it.o(i.UsageFault_Handler) for UsageFault_Handler
    startup_stm32f105xc.o(RESET) refers to stm32f1xx_it.o(i.SVC_Handler) for SVC_Handler
    startup_stm32f105xc.o(RESET) refers to stm32f1xx_it.o(i.DebugMon_Handler) for DebugMon_Handler
    startup_stm32f105xc.o(RESET) refers to stm32f1xx_it.o(i.PendSV_Handler) for PendSV_Handler
    startup_stm32f105xc.o(RESET) refers to stm32f1xx_it.o(i.SysTick_Handler) for SysTick_Handler
    startup_stm32f105xc.o(RESET) refers to stm32f1xx_it.o(i.CAN1_RX0_IRQHandler) for CAN1_RX0_IRQHandler
    startup_stm32f105xc.o(RESET) refers to stm32f1xx_it.o(i.OTG_FS_IRQHandler) for OTG_FS_IRQHandler
    startup_stm32f105xc.o(.text) refers to system_stm32f1xx.o(i.SystemInit) for SystemInit
    startup_stm32f105xc.o(.text) refers to entry.o(.ARM.Collect$$$$00000000) for __main
    system_stm32f1xx.o(i.SystemCoreClockUpdate) refers to system_stm32f1xx.o(.data) for .data
    system_stm32f1xx.o(i.SystemCoreClockUpdate) refers to system_stm32f1xx.o(.constdata) for .constdata
    usbd_ioreq.o(i.USBD_CtlContinueRx) refers to usbd_conf.o(i.USBD_LL_PrepareReceive) for USBD_LL_PrepareReceive
    usbd_ioreq.o(i.USBD_CtlContinueSendData) refers to usbd_conf.o(i.USBD_LL_Transmit) for USBD_LL_Transmit
    usbd_ioreq.o(i.USBD_CtlPrepareRx) refers to usbd_conf.o(i.USBD_LL_PrepareReceive) for USBD_LL_PrepareReceive
    usbd_ioreq.o(i.USBD_CtlReceiveStatus) refers to usbd_conf.o(i.USBD_LL_PrepareReceive) for USBD_LL_PrepareReceive
    usbd_ioreq.o(i.USBD_CtlSendData) refers to usbd_conf.o(i.USBD_LL_Transmit) for USBD_LL_Transmit
    usbd_ioreq.o(i.USBD_CtlSendStatus) refers to usbd_conf.o(i.USBD_LL_Transmit) for USBD_LL_Transmit
    usbd_ioreq.o(i.USBD_GetRxCount) refers to usbd_conf.o(i.USBD_LL_GetRxDataSize) for USBD_LL_GetRxDataSize
    usbd_cdc.o(i.USBD_CDC_DataOut) refers to usbd_conf.o(i.USBD_LL_GetRxDataSize) for USBD_LL_GetRxDataSize
    usbd_cdc.o(i.USBD_CDC_DeInit) refers to usbd_conf.o(i.USBD_LL_CloseEP) for USBD_LL_CloseEP
    usbd_cdc.o(i.USBD_CDC_DeInit) refers to usbd_conf.o(i.USBD_static_free) for USBD_static_free
    usbd_cdc.o(i.USBD_CDC_GetDeviceQualifierDescriptor) refers to usbd_cdc.o(.data) for .data
    usbd_cdc.o(i.USBD_CDC_GetFSCfgDesc) refers to usbd_cdc.o(.data) for .data
    usbd_cdc.o(i.USBD_CDC_GetHSCfgDesc) refers to usbd_cdc.o(.data) for .data
    usbd_cdc.o(i.USBD_CDC_GetOtherSpeedCfgDesc) refers to usbd_cdc.o(.data) for .data
    usbd_cdc.o(i.USBD_CDC_Init) refers to usbd_conf.o(i.USBD_LL_OpenEP) for USBD_LL_OpenEP
    usbd_cdc.o(i.USBD_CDC_Init) refers to usbd_conf.o(i.USBD_static_malloc) for USBD_static_malloc
    usbd_cdc.o(i.USBD_CDC_Init) refers to usbd_conf.o(i.USBD_LL_PrepareReceive) for USBD_LL_PrepareReceive
    usbd_cdc.o(i.USBD_CDC_ReceivePacket) refers to usbd_conf.o(i.USBD_LL_PrepareReceive) for USBD_LL_PrepareReceive
    usbd_cdc.o(i.USBD_CDC_Setup) refers to usbd_ioreq.o(i.USBD_CtlPrepareRx) for USBD_CtlPrepareRx
    usbd_cdc.o(i.USBD_CDC_Setup) refers to usbd_ioreq.o(i.USBD_CtlSendData) for USBD_CtlSendData
    usbd_cdc.o(i.USBD_CDC_Setup) refers to usbd_cdc.o(.data) for .data
    usbd_cdc.o(i.USBD_CDC_TransmitPacket) refers to usbd_conf.o(i.USBD_LL_Transmit) for USBD_LL_Transmit
    usbd_cdc.o(.data) refers to usbd_cdc.o(i.USBD_CDC_Init) for USBD_CDC_Init
    usbd_cdc.o(.data) refers to usbd_cdc.o(i.USBD_CDC_DeInit) for USBD_CDC_DeInit
    usbd_cdc.o(.data) refers to usbd_cdc.o(i.USBD_CDC_Setup) for USBD_CDC_Setup
    usbd_cdc.o(.data) refers to usbd_cdc.o(i.USBD_CDC_EP0_RxReady) for USBD_CDC_EP0_RxReady
    usbd_cdc.o(.data) refers to usbd_cdc.o(i.USBD_CDC_DataIn) for USBD_CDC_DataIn
    usbd_cdc.o(.data) refers to usbd_cdc.o(i.USBD_CDC_DataOut) for USBD_CDC_DataOut
    usbd_cdc.o(.data) refers to usbd_cdc.o(i.USBD_CDC_GetHSCfgDesc) for USBD_CDC_GetHSCfgDesc
    usbd_cdc.o(.data) refers to usbd_cdc.o(i.USBD_CDC_GetFSCfgDesc) for USBD_CDC_GetFSCfgDesc
    usbd_cdc.o(.data) refers to usbd_cdc.o(i.USBD_CDC_GetOtherSpeedCfgDesc) for USBD_CDC_GetOtherSpeedCfgDesc
    usbd_cdc.o(.data) refers to usbd_cdc.o(i.USBD_CDC_GetDeviceQualifierDescriptor) for USBD_CDC_GetDeviceQualifierDescriptor
[...]
    __lit__00000000                          0x08000160   Data           4  entry2.o(.ARM.Collect$$$$00002712)
    .text                                    0x08000164   Section       36  startup_stm32f105xc.o(.text)
    .text                                    0x08000188   Section        0  memcpya.o(.text)
    .text                                    0x080001ac   Section        0  atoi.o(.text)
    .text                                    0x080001c6   Section        0  uidiv.o(.text)
    .text                                    0x080001f2   Section        0  strtol.o(.text)
    .text                                    0x08000264   Section       36  init.o(.text)
    .text                                    0x08000288   Section        0  ctype_o.o(.text)
    .text                                    0x08000290   Section        0  _strtoul.o(.text)
    .text                                    0x0800032e   Section        0  _chval.o(.text)
    .text                                    0x0800034a   Section        0  __dczerorl2.o(.text)
    i.BusFault_Handler                       0x080003a0   Section        0  stm32f1xx_it.o(i.BusFault_Handler)
    i.CAN1_RX0_IRQHandler                    0x080003a4   Section        0  stm32f1xx_it.o(i.CAN1_RX0_IRQHandler)
    i.CAN_Receive_IT                         0x080003b0   Section        0  stm32f1xx_hal_can.o(i.CAN_Receive_IT)
    CAN_Receive_IT                           0x080003b1   Thumb Code   264  stm32f1xx_hal_can.o(i.CAN_Receive_IT)
    i.CDC_Control_FS                         0x080004b8   Section        0  usbd_cdc_if.o(i.CDC_Control_FS)
    CDC_Control_FS                           0x080004b9   Thumb Code     4  usbd_cdc_if.o(i.CDC_Control_FS)
    i.CDC_DeInit_FS                          0x080004bc   Section        0  usbd_cdc_if.o(i.CDC_DeInit_FS)
    CDC_DeInit_FS                            0x080004bd   Thumb Code     4  usbd_cdc_if.o(i.CDC_DeInit_FS)
    i.CDC_Init_FS                            0x080004c0   Section        0  usbd_cdc_if.o(i.CDC_Init_FS)
    CDC_Init_FS                              0x080004c1   Thumb Code    26  usbd_cdc_if.o(i.CDC_Init_FS)
    i.CDC_Receive_FS                         0x080004e4   Section        0  usbd_cdc_if.o(i.CDC_Receive_FS)
    CDC_Receive_FS                           0x080004e5   Thumb Code   122  usbd_cdc_if.o(i.CDC_Receive_FS)
    i.CDC_Transmit_FS                        0x08000584   Section        0  usbd_cdc_if.o(i.CDC_Transmit_FS)
    i.DebugMon_Handler                       0x080005b0   Section        0  stm32f1xx_it.o(i.DebugMon_Handler)
    i.Error_Handler                          0x080005b2   Section        0  main.o(i.Error_Handler)
    i.FLASH_MassErase                        0x080005b4   Section        0  stm32f1xx_hal_flash_ex.o(i.FLASH_MassErase)
    FLASH_MassErase                          0x080005b5   Thumb Code    26  stm32f1xx_hal_flash_ex.o(i.FLASH_MassErase)
    i.FLASH_PageErase                        0x080005d8   Section        0  stm32f1xx_hal_flash_ex.o(i.FLASH_PageErase)
    i.FLASH_SetErrorCode                     0x080005fc   Section        0  stm32f1xx_hal_flash.o(i.FLASH_SetErrorCode)
    FLASH_SetErrorCode                       0x080005fd   Thumb Code    60  stm32f1xx_hal_flash.o(i.FLASH_SetErrorCode)
    i.FLASH_WaitForLastOperation             0x08000640   Section        0  stm32f1xx_hal_flash.o(i.FLASH_WaitForLastOperation)
    i.HAL_CAN_ErrorCallback                  0x08000694   Section        0  stm32f1xx_hal_can.o(i.HAL_CAN_ErrorCallback)
    i.HAL_CAN_IRQHandler                     0x08000698   Section        0  stm32f1xx_hal_can.o(i.HAL_CAN_IRQHandler)
    i.HAL_CAN_RxCpltCallback                 0x08000820   Section        0  stm32f1xx_hal_can.o(i.HAL_CAN_RxCpltCallback)
    i.HAL_CAN_TxCpltCallback                 0x08000822   Section        0  stm32f1xx_hal_can.o(i.HAL_CAN_TxCpltCallback)
    i.HAL_Delay                              0x08000824   Section        0  stm32f1xx_hal.o(i.HAL_Delay)
    i.HAL_FLASHEx_Erase                      0x0800083c   Section        0  stm32f1xx_hal_flash_ex.o(i.HAL_FLASHEx_Erase)
    i.HAL_FLASH_Lock                         0x080008e4   Section        0  stm32f1xx_hal_flash.o(i.HAL_FLASH_Lock)
    i.HAL_FLASH_Unlock                       0x080008f8   Section        0  stm32f1xx_hal_flash.o(i.HAL_FLASH_Unlock)
    i.HAL_GPIO_Init                          0x0800091c   Section        0  stm32f1xx_hal_gpio.o(i.HAL_GPIO_Init)
    i.HAL_GPIO_WritePin                      0x08000ae4   Section        0  stm32f1xx_hal_gpio.o(i.HAL_GPIO_WritePin)
    i.HAL_GetTick                            0x08000af0   Section        0  stm32f1xx_hal.o(i.HAL_GetTick)
    i.HAL_IncTick                            0x08000afc   Section        0  stm32f1xx_hal.o(i.HAL_IncTick)
    i.HAL_Init                               0x08000b0c   Section        0  stm32f1xx_hal.o(i.HAL_Init)
    i.HAL_InitTick                           0x08000b30   Section        0  stm32f1xx_hal.o(i.HAL_InitTick)
    i.HAL_MspInit                            0x08000b54   Section        0  stm32f1xx_hal_msp.o(i.HAL_MspInit)
    i.HAL_NVIC_EnableIRQ                     0x08000bd4   Section        0  stm32f1xx_hal_cortex.o(i.HAL_NVIC_EnableIRQ)
    i.HAL_NVIC_SetPriority                   0x08000bec   Section        0  stm32f1xx_hal_cortex.o(i.HAL_NVIC_SetPriority)
    i.HAL_NVIC_SetPriorityGrouping           0x08000c2c   Section        0  stm32f1xx_hal_cortex.o(i.HAL_NVIC_SetPriorityGrouping)
    i.HAL_PCDEx_SetConnectionState           0x08000c50   Section        0  usbd_conf.o(i.HAL_PCDEx_SetConnectionState)
    i.HAL_PCDEx_SetRxFiFo                    0x08000c52   Section        0  stm32f1xx_hal_pcd_ex.o(i.HAL_PCDEx_SetRxFiFo)
    i.HAL_PCDEx_SetTxFiFo                    0x08000c5a   Section        0  stm32f1xx_hal_pcd_ex.o(i.HAL_PCDEx_SetTxFiFo)
    i.HAL_PCD_ConnectCallback                0x08000c9e   Section        0  usbd_conf.o(i.HAL_PCD_ConnectCallback)
    i.HAL_PCD_DataInStageCallback            0x08000ca6   Section        0  usbd_conf.o(i.HAL_PCD_DataInStageCallback)
    i.HAL_PCD_DataOutStageCallback           0x08000cb8   Section        0  usbd_conf.o(i.HAL_PCD_DataOutStageCallback)
    i.HAL_PCD_DisconnectCallback             0x08000ccc   Section        0  usbd_conf.o(i.HAL_PCD_DisconnectCallback)
    i.HAL_PCD_EP_Close                       0x08000cd4   Section        0  stm32f1xx_hal_pcd.o(i.HAL_PCD_EP_Close)
    i.HAL_PCD_EP_ClrStall                    0x08000d18   Section        0  stm32f1xx_hal_pcd.o(i.HAL_PCD_EP_ClrStall)
    i.HAL_PCD_EP_GetRxCount                  0x08000d68   Section        0  stm32f1xx_hal_pcd.o(i.HAL_PCD_EP_GetRxCount)
    i.HAL_PCD_EP_Open                        0x08000d7c   Section        0  stm32f1xx_hal_pcd.o(i.HAL_PCD_EP_Open)
    i.HAL_PCD_EP_Receive                     0x08000dc4   Section        0  stm32f1xx_hal_pcd.o(i.HAL_PCD_EP_Receive)
    i.HAL_PCD_EP_SetStall                    0x08000e16   Section        0  stm32f1xx_hal_pcd.o(i.HAL_PCD_EP_SetStall)
    i.HAL_PCD_EP_Transmit                    0x08000e74   Section        0  stm32f1xx_hal_pcd.o(i.HAL_PCD_EP_Transmit)
    i.HAL_PCD_IRQHandler                     0x08000ec0   Section        0  stm32f1xx_hal_pcd.o(i.HAL_PCD_IRQHandler)
    i.HAL_PCD_ISOINIncompleteCallback        0x080011f2   Section        0  usbd_conf.o(i.HAL_PCD_ISOINIncompleteCallback)
    i.HAL_PCD_ISOOUTIncompleteCallback       0x080011fa   Section        0  usbd_conf.o(i.HAL_PCD_ISOOUTIncompleteCallback)
    i.HAL_PCD_Init                           0x08001202   Section        0  stm32f1xx_hal_pcd.o(i.HAL_PCD_Init)
    i.HAL_PCD_MspInit                        0x080012c8   Section        0  usbd_conf.o(i.HAL_PCD_MspInit)
    i.HAL_PCD_ResetCallback                  0x08001318   Section        0  usbd_conf.o(i.HAL_PCD_ResetCallback)
    i.HAL_PCD_ResumeCallback                 0x08001338   Section        0  usbd_conf.o(i.HAL_PCD_ResumeCallback)
    i.HAL_PCD_SOFCallback                    0x08001340   Section        0  usbd_conf.o(i.HAL_PCD_SOFCallback)
    i.HAL_PCD_SetAddress                     0x08001348   Section        0  stm32f1xx_hal_pcd.o(i.HAL_PCD_SetAddress)
    i.HAL_PCD_SetupStageCallback             0x08001370   Section        0  usbd_conf.o(i.HAL_PCD_SetupStageCallback)
    i.HAL_PCD_Start                          0x0800137e   Section        0  stm32f1xx_hal_pcd.o(i.HAL_PCD_Start)
    i.HAL_PCD_SuspendCallback                0x080013b0   Section        0  usbd_conf.o(i.HAL_PCD_SuspendCallback)
    i.HAL_RCCEx_PeriphCLKConfig              0x080013e0   Section        0  stm32f1xx_hal_rcc_ex.o(i.HAL_RCCEx_PeriphCLKConfig)
    i.HAL_RCC_ClockConfig                    0x080015e8   Section        0  stm32f1xx_hal_rcc.o(i.HAL_RCC_ClockConfig)
    i.HAL_RCC_GetHCLKFreq                    0x08001768   Section        0  stm32f1xx_hal_rcc.o(i.HAL_RCC_GetHCLKFreq)
    i.HAL_RCC_GetSysClockFreq                0x08001774   Section        0  stm32f1xx_hal_rcc.o(i.HAL_RCC_GetSysClockFreq)
    i.HAL_RCC_OscConfig                      0x08001850   Section        0  stm32f1xx_hal_rcc.o(i.HAL_RCC_OscConfig)
    i.HAL_SYSTICK_CLKSourceConfig            0x08001f2e   Section        0  stm32f1xx_hal_cortex.o(i.HAL_SYSTICK_CLKSourceConfig)
    i.HAL_SYSTICK_Callback                   0x08001f46   Section        0  stm32f1xx_hal_cortex.o(i.HAL_SYSTICK_Callback)
    i.HAL_SYSTICK_Config                     0x08001f48   Section        0  stm32f1xx_hal_cortex.o(i.HAL_SYSTICK_Config)
    i.HAL_SYSTICK_IRQHandler                 0x08001f70   Section        0  stm32f1xx_hal_cortex.o(i.HAL_SYSTICK_IRQHandler)
    i.HardFault_Handler                      0x08001f78   Section        0  stm32f1xx_it.o(i.HardFault_Handler)
    i.Internal_Flash_Write                   0x08001f7c   Section        0  bootloader_function.o(i.Internal_Flash_Write)
    i.MX_GPIO_Init                           0x08001fc8   Section        0  main.o(i.MX_GPIO_Init)
    MX_GPIO_Init                             0x08001fc9   Thumb Code    90  main.o(i.MX_GPIO_Init)
    i.MX_USB_DEVICE_Init                     0x0800202c   Section        0  usb_device.o(i.MX_USB_DEVICE_Init)
    i.MemManage_Handler                      0x08002064   Section        0  stm32f1xx_it.o(i.MemManage_Handler)
    i.NMI_Handler                            0x08002066   Section        0  stm32f1xx_it.o(i.NMI_Handler)
    i.NVIC_SetPriority                       0x08002068   Section        0  stm32f1xx_hal_cortex.o(i.NVIC_SetPriority)
    NVIC_SetPriority                         0x08002069   Thumb Code    32  stm32f1xx_hal_cortex.o(i.NVIC_SetPriority)
    i.OTG_FS_IRQHandler                      0x08002088   Section        0  stm32f1xx_it.o(i.OTG_FS_IRQHandler)
    i.PCD_WriteEmptyTxFifo                   0x08002094   Section        0  stm32f1xx_hal_pcd.o(i.PCD_WriteEmptyTxFifo)
    PCD_WriteEmptyTxFifo                     0x08002095   Thumb Code   140  stm32f1xx_hal_pcd.o(i.PCD_WriteEmptyTxFifo)
    i.PendSV_Handler                         0x08002120   Section        0  stm32f1xx_it.o(i.PendSV_Handler)
    i.RAM_buffer_fill                        0x08002124   Section        0  bootloader_function.o(i.RAM_buffer_fill)
    i.RTEA_decoder                           0x08002174   Section        0  bootloader_function.o(i.RTEA_decoder)
    i.SVC_Handler                            0x08002258   Section        0  stm32f1xx_it.o(i.SVC_Handler)
    i.SysTick_Handler                        0x0800225a   Section        0  stm32f1xx_it.o(i.SysTick_Handler)
    i.SystemClock_Config                     0x08002268   Section        0  main.o(i.SystemClock_Config)
    i.SystemInit                             0x080022f8   Section        0  system_stm32f1xx.o(i.SystemInit)
    i.USBD_CDC_DataIn                        0x0800234c   Section        0  usbd_cdc.o(i.USBD_CDC_DataIn)
    USBD_CDC_DataIn                          0x0800234d   Thumb Code    20  usbd_cdc.o(i.USBD_CDC_DataIn)
    i.USBD_CDC_DataOut                       0x08002360   Section        0  usbd_cdc.o(i.USBD_CDC_DataOut)
    USBD_CDC_DataOut                         0x08002361   Thumb Code    46  usbd_cdc.o(i.USBD_CDC_DataOut)
    i.USBD_CDC_DeInit                        0x0800238e   Section        0  usbd_cdc.o(i.USBD_CDC_DeInit)
    USBD_CDC_DeInit                          0x0800238f   Thumb Code    60  usbd_cdc.o(i.USBD_CDC_DeInit)
    i.USBD_CDC_EP0_RxReady                   0x080023ca   Section        0  usbd_cdc.o(i.USBD_CDC_EP0_RxReady)
    USBD_CDC_EP0_RxReady                     0x080023cb   Thumb Code    36  usbd_cdc.o(i.USBD_CDC_EP0_RxReady)
    i.USBD_CDC_GetDeviceQualifierDescriptor  0x080023f0   Section        0  usbd_cdc.o(i.USBD_CDC_GetDeviceQualifierDescriptor)
    i.USBD_CDC_GetFSCfgDesc                  0x080023fc   Section        0  usbd_cdc.o(i.USBD_CDC_GetFSCfgDesc)
    USBD_CDC_GetFSCfgDesc                    0x080023fd   Thumb Code     8  usbd_cdc.o(i.USBD_CDC_GetFSCfgDesc)
    i.USBD_CDC_GetHSCfgDesc                  0x08002408   Section        0  usbd_cdc.o(i.USBD_CDC_GetHSCfgDesc)
    USBD_CDC_GetHSCfgDesc                    0x08002409   Thumb Code     8  usbd_cdc.o(i.USBD_CDC_GetHSCfgDesc)
    i.USBD_CDC_GetOtherSpeedCfgDesc          0x08002414   Section        0  usbd_cdc.o(i.USBD_CDC_GetOtherSpeedCfgDesc)
    USBD_CDC_GetOtherSpeedCfgDesc            0x08002415   Thumb Code     8  usbd_cdc.o(i.USBD_CDC_GetOtherSpeedCfgDesc)
    i.USBD_CDC_Init                          0x08002420   Section        0  usbd_cdc.o(i.USBD_CDC_Init)
    USBD_CDC_Init                            0x08002421   Thumb Code   136  usbd_cdc.o(i.USBD_CDC_Init)
    i.USBD_CDC_ReceivePacket                 0x080024a8   Section        0  usbd_cdc.o(i.USBD_CDC_ReceivePacket)
    i.USBD_CDC_RegisterInterface             0x080024d0   Section        0  usbd_cdc.o(i.USBD_CDC_RegisterInterface)
    i.USBD_CDC_SetRxBuffer                   0x080024e0   Section        0  usbd_cdc.o(i.USBD_CDC_SetRxBuffer)
    i.USBD_CDC_SetTxBuffer                   0x080024ec   Section        0  usbd_cdc.o(i.USBD_CDC_SetTxBuffer)
    i.USBD_CDC_Setup                         0x080024fc   Section        0  usbd_cdc.o(i.USBD_CDC_Setup)
    USBD_CDC_Setup                           0x080024fd   Thumb Code   106  usbd_cdc.o(i.USBD_CDC_Setup)
    i.USBD_CDC_TransmitPacket                0x0800256c   Section        0  usbd_cdc.o(i.USBD_CDC_TransmitPacket)
    i.USBD_ClrClassConfig                    0x0800259c   Section        0  usbd_core.o(i.USBD_ClrClassConfig)
    i.USBD_CtlContinueRx                     0x080025aa   Section        0  usbd_ioreq.o(i.USBD_CtlContinueRx)
    i.USBD_CtlContinueSendData               0x080025ba   Section        0  usbd_ioreq.o(i.USBD_CtlContinueSendData)
    i.USBD_CtlError                          0x080025ca   Section        0  usbd_ctlreq.o(i.USBD_CtlError)
    i.USBD_CtlPrepareRx                      0x080025e0   Section        0  usbd_ioreq.o(i.USBD_CtlPrepareRx)
    i.USBD_CtlReceiveStatus                  0x080025fe   Section        0  usbd_ioreq.o(i.USBD_CtlReceiveStatus)
    i.USBD_CtlSendData                       0x08002614   Section        0  usbd_ioreq.o(i.USBD_CtlSendData)
    i.USBD_CtlSendStatus                     0x0800262e   Section        0  usbd_ioreq.o(i.USBD_CtlSendStatus)
    i.USBD_FS_ConfigStrDescriptor            0x08002644   Section        0  usbd_desc.o(i.USBD_FS_ConfigStrDescriptor)
    i.USBD_FS_DeviceDescriptor               0x08002664   Section        0  usbd_desc.o(i.USBD_FS_DeviceDescriptor)
    i.USBD_FS_InterfaceStrDescriptor         0x08002670   Section        0  usbd_desc.o(i.USBD_FS_InterfaceStrDescriptor)
    i.USBD_FS_LangIDStrDescriptor            0x08002694   Section        0  usbd_desc.o(i.USBD_FS_LangIDStrDescriptor)
    i.USBD_FS_ManufacturerStrDescriptor      0x080026a0   Section        0  usbd_desc.o(i.USBD_FS_ManufacturerStrDescriptor)
    i.USBD_FS_ProductStrDescriptor           0x080026c8   Section        0  usbd_desc.o(i.USBD_FS_ProductStrDescriptor)
    i.USBD_FS_SerialStrDescriptor            0x080026f4   Section        0  usbd_desc.o(i.USBD_FS_SerialStrDescriptor)
    i.USBD_GetDescriptor                     0x08002718   Section        0  usbd_ctlreq.o(i.USBD_GetDescriptor)
    USBD_GetDescriptor                       0x08002719   Thumb Code   224  usbd_ctlreq.o(i.USBD_GetDescriptor)
    i.USBD_GetString                         0x080027f8   Section        0  usbd_ctlreq.o(i.USBD_GetString)
    i.USBD_Init                              0x0800283e   Section        0  usbd_core.o(i.USBD_Init)
    i.USBD_LL_ClearStallEP                   0x08002868   Section        0  usbd_conf.o(i.USBD_LL_ClearStallEP)
    i.USBD_LL_CloseEP                        0x08002876   Section        0  usbd_conf.o(i.USBD_LL_CloseEP)
    i.USBD_LL_DataInStage                    0x08002884   Section        0  usbd_core.o(i.USBD_LL_DataInStage)
    i.USBD_LL_DataOutStage                   0x0800292e   Section        0  usbd_core.o(i.USBD_LL_DataOutStage)
    i.USBD_LL_DevConnected                   0x08002998   Section        0  usbd_core.o(i.USBD_LL_DevConnected)
    i.USBD_LL_DevDisconnected                0x0800299c   Section        0  usbd_core.o(i.USBD_LL_DevDisconnected)
    i.USBD_LL_GetRxDataSize                  0x080029b2   Section        0  usbd_conf.o(i.USBD_LL_GetRxDataSize)
    i.USBD_LL_Init                           0x080029bc   Section        0  usbd_conf.o(i.USBD_LL_Init)
    i.USBD_LL_IsStallEP                      0x08002a14   Section        0  usbd_conf.o(i.USBD_LL_IsStallEP)
    i.USBD_LL_IsoINIncomplete                0x08002a34   Section        0  usbd_core.o(i.USBD_LL_IsoINIncomplete)
    i.USBD_LL_IsoOUTIncomplete               0x08002a38   Section        0  usbd_core.o(i.USBD_LL_IsoOUTIncomplete)
    i.USBD_LL_OpenEP                         0x08002a3c   Section        0  usbd_conf.o(i.USBD_LL_OpenEP)
    i.USBD_LL_PrepareReceive                 0x08002a50   Section        0  usbd_conf.o(i.USBD_LL_PrepareReceive)
    i.USBD_LL_Reset                          0x08002a5e   Section        0  usbd_core.o(i.USBD_LL_Reset)
    i.USBD_LL_Resume                         0x08002a9c   Section        0  usbd_core.o(i.USBD_LL_Resume)
    i.USBD_LL_SOF                            0x08002aa8   Section        0  usbd_core.o(i.USBD_LL_SOF)
    i.USBD_LL_SetSpeed                       0x08002ac0   Section        0  usbd_core.o(i.USBD_LL_SetSpeed)
    i.USBD_LL_SetUSBAddress                  0x08002ac6   Section        0  usbd_conf.o(i.USBD_LL_SetUSBAddress)
    i.USBD_LL_SetupStage                     0x08002ad4   Section        0  usbd_core.o(i.USBD_LL_SetupStage)
    i.USBD_LL_StallEP                        0x08002b2e   Section        0  usbd_conf.o(i.USBD_LL_StallEP)
    i.USBD_LL_Start                          0x08002b3c   Section        0  usbd_conf.o(i.USBD_LL_Start)
    i.USBD_LL_Suspend                        0x08002b4a   Section        0  usbd_core.o(i.USBD_LL_Suspend)
    i.USBD_LL_Transmit                       0x08002b5c   Section        0  usbd_conf.o(i.USBD_LL_Transmit)
    i.USBD_ParseSetupRequest                 0x08002b6a   Section        0  usbd_ctlreq.o(i.USBD_ParseSetupRequest)
    i.USBD_RegisterClass                     0x08002b92   Section        0  usbd_core.o(i.USBD_RegisterClass)
    i.USBD_SetClassConfig                    0x08002ba2   Section        0  usbd_core.o(i.USBD_SetClassConfig)
    i.USBD_SetConfig                         0x08002bb8   Section        0  usbd_ctlreq.o(i.USBD_SetConfig)
    USBD_SetConfig                           0x08002bb9   Thumb Code   110  usbd_ctlreq.o(i.USBD_SetConfig)
    i.USBD_Start                             0x08002c2c   Section        0  usbd_core.o(i.USBD_Start)
    i.USBD_StdDevReq                         0x08002c36   Section        0  usbd_ctlreq.o(i.USBD_StdDevReq)
    i.USBD_StdEPReq                          0x08002d28   Section        0  usbd_ctlreq.o(i.USBD_StdEPReq)
    i.USBD_StdItfReq                         0x08002e04   Section        0  usbd_ctlreq.o(i.USBD_StdItfReq)
    i.USBD_static_free                       0x08002e38   Section        0  usbd_conf.o(i.USBD_static_free)
    i.USBD_static_malloc                     0x08002e3c   Section        0  usbd_conf.o(i.USBD_static_malloc)
    i.USB_ActivateEndpoint                   0x08002e44   Section        0  stm32f1xx_ll_usb.o(i.USB_ActivateEndpoint)
    i.USB_ActivateSetup                      0x08002ed4   Section        0  stm32f1xx_ll_usb.o(i.USB_ActivateSetup)
    i.USB_CoreInit                           0x08002f08   Section        0  stm32f1xx_ll_usb.o(i.USB_CoreInit)
    i.USB_CoreReset                          0x08002f24   Section        0  stm32f1xx_ll_usb.o(i.USB_CoreReset)
    USB_CoreReset                            0x08002f25   Thumb Code    70  stm32f1xx_ll_usb.o(i.USB_CoreReset)
    i.USB_DeactivateEndpoint                 0x08002f70   Section        0  stm32f1xx_ll_usb.o(i.USB_DeactivateEndpoint)
    i.USB_DevConnect                         0x08002fde   Section        0  stm32f1xx_ll_usb.o(i.USB_DevConnect)
    i.USB_DevDisconnect                      0x08002ff6   Section        0  stm32f1xx_ll_usb.o(i.USB_DevDisconnect)
    i.USB_DevInit                            0x08003010   Section        0  stm32f1xx_ll_usb.o(i.USB_DevInit)
    i.USB_DisableGlobalInt                   0x08003118   Section        0  stm32f1xx_ll_usb.o(i.USB_DisableGlobalInt)
    i.USB_EP0StartXfer                       0x08003124   Section        0  stm32f1xx_ll_usb.o(i.USB_EP0StartXfer)
    i.USB_EP0_OutStart                       0x08003240   Section        0  stm32f1xx_ll_usb.o(i.USB_EP0_OutStart)
    i.USB_EPClearStall                       0x0800326e   Section        0  stm32f1xx_ll_usb.o(i.USB_EPClearStall)
    i.USB_EPSetStall                         0x080032d2   Section        0  stm32f1xx_ll_usb.o(i.USB_EPSetStall)
    i.USB_EPStartXfer                        0x08003330   Section        0  stm32f1xx_ll_usb.o(i.USB_EPStartXfer)
    i.USB_EnableGlobalInt                    0x08003524   Section        0  stm32f1xx_ll_usb.o(i.USB_EnableGlobalInt)
    i.USB_FlushRxFifo                        0x08003530   Section        0  stm32f1xx_ll_usb.o(i.USB_FlushRxFifo)
    i.USB_FlushTxFifo                        0x08003550   Section        0  stm32f1xx_ll_usb.o(i.USB_FlushTxFifo)
    i.USB_GetMode                            0x08003574   Section        0  stm32f1xx_ll_usb.o(i.USB_GetMode)
    i.USB_ReadDevAllInEpInterrupt            0x0800357c   Section        0  stm32f1xx_ll_usb.o(i.USB_ReadDevAllInEpInterrupt)
    i.USB_ReadDevAllOutEpInterrupt           0x0800358a   Section        0  stm32f1xx_ll_usb.o(i.USB_ReadDevAllOutEpInterrupt)
    i.USB_ReadDevInEPInterrupt               0x08003598   Section        0  stm32f1xx_ll_usb.o(i.USB_ReadDevInEPInterrupt)
    i.USB_ReadDevOutEPInterrupt              0x080035b6   Section        0  stm32f1xx_ll_usb.o(i.USB_ReadDevOutEPInterrupt)
    i.USB_ReadInterrupts                     0x080035c6   Section        0  stm32f1xx_ll_usb.o(i.USB_ReadInterrupts)
    i.USB_ReadPacket                         0x080035ce   Section        0  stm32f1xx_ll_usb.o(i.USB_ReadPacket)
    i.USB_SetCurrentMode                     0x080035ee   Section        0  stm32f1xx_ll_usb.o(i.USB_SetCurrentMode)
    i.USB_SetDevAddress                      0x0800361a   Section        0  stm32f1xx_ll_usb.o(i.USB_SetDevAddress)
    i.USB_WritePacket                        0x0800363c   Section        0  stm32f1xx_ll_usb.o(i.USB_WritePacket)
    i.UsageFault_Handler                     0x0800365e   Section        0  stm32f1xx_it.o(i.UsageFault_Handler)
    i.__0sprintf$6                           0x08003660   Section        0  printf6.o(i.__0sprintf$6)
    i.__aeabi_errno_addr                     0x08003688   Section        0  errno.o(i.__aeabi_errno_addr)
    i.__scatterload_copy                     0x08003690   Section       14  handlers.o(i.__scatterload_copy)
    i.__scatterload_null                     0x0800369e   Section        2  handlers.o(i.__scatterload_null)
    i.__scatterload_zeroinit                 0x080036a0   Section       14  handlers.o(i.__scatterload_zeroinit)
    i._printf_core                           0x080036b0   Section        0  printf6.o(i._printf_core)
    _printf_core                             0x080036b1   Thumb Code   748  printf6.o(i._printf_core)
    i._printf_post_padding                   0x080039a0   Section        0  printf6.o(i._printf_post_padding)
    _printf_post_padding                     0x080039a1   Thumb Code    36  printf6.o(i._printf_post_padding)
    i._printf_pre_padding                    0x080039c4   Section        0  printf6.o(i._printf_pre_padding)
    _printf_pre_padding                      0x080039c5   Thumb Code    46  printf6.o(i._printf_pre_padding)
    i._sputc                                 0x080039f2   Section        0  printf6.o(i._sputc)
    _sputc                                   0x080039f3   Thumb Code    10  printf6.o(i._sputc)
    i.flash_erase_page                       0x080039fc   Section        0  bootloader_function.o(i.flash_erase_page)
    i.flash_write_page                       0x08003a30   Section        0  bootloader_function.o(i.flash_write_page)
    i.hexint                                 0x08003a70   Section        0  bootloader_function.o(i.hexint)
    i.main                                   0x08003ad4   Section        0  main.o(i.main)
    i.my_led_off                             0x08003b90   Section        0  led_manager.o(i.my_led_off)
    i.my_led_on                              0x08003bbc   Section        0  led_manager.o(i.my_led_on)
    i.operation_manager                      0x08003be8   Section        0  bootloader_function.o(i.operation_manager)
    i.set_page                               0x08003c34   Section        0  bootloader_function.o(i.set_page)
    .constdata                               0x08003c60   Section       16  system_stm32f1xx.o(.constdata)
    .constdata                               0x08003c70   Section       24  bootloader_function.o(.constdata)
    .constdata                               0x08003c88   Section      129  ctype_o.o(.constdata)
    .constdata                               0x08003d0c   Section        4  ctype_o.o(.constdata)
    table                                    0x08003d0c   Data           4  ctype_o.o(.constdata)
    .data                                    0x20000000   Section        4  system_stm32f1xx.o(.data)
    .data                                    0x20000004   Section      219  usbd_cdc.o(.data)
    ifalt                                    0x20000004   Data           1  usbd_cdc.o(.data)
    USBD_CDC_DeviceQualifierDesc             0x20000008   Data          10  usbd_cdc.o(.data)
    .data                                    0x200000e0   Section       56  usbd_cdc.o(.data)
    .data                                    0x20000118   Section        1  usbd_ctlreq.o(.data)
    cfgidx                                   0x20000118   Data           1  usbd_ctlreq.o(.data)
    .data                                    0x2000011c   Section       28  usbd_desc.o(.data)
    .data                                    0x20000138   Section       22  usbd_desc.o(.data)
    .data                                    0x2000014e   Section        1  main.o(.data)
    .data                                    0x20000150   Section        2  main.o(.data)
    .data                                    0x20000154   Section       12  main.o(.data)
    .data                                    0x20000160   Section       16  usbd_cdc_if.o(.data)
    .data                                    0x20000170   Section        8  usbd_cdc_if.o(.data)
    .data                                    0x20000178   Section        4  stm32f1xx_hal.o(.data)
    uwTick                                   0x20000178   Data           4  stm32f1xx_hal.o(.data)
    .data                                    0x2000017c   Section        4  errno.o(.data)
    _errno                                   0x2000017c   Data           4  errno.o(.data)
    .bss                                     0x20000180   Section      512  usbd_desc.o(.bss)
    .bss                                     0x20000380   Section       20  main.o(.bss)
    .bss                                     0x20000394   Section     2048  main.o(.bss)
    .bss                                     0x20000b94   Section      548  usb_device.o(.bss)
    .bss                                     0x20000db8   Section     1480  usbd_conf.o(.bss)
    mem                                      0x20000db8   Data         544  usbd_conf.o(.bss)
    .bss                                     0x20001380   Section      104  can.o(.bss)
    .bss                                     0x200013e8   Section       16  bootloader_function.o(.bss)
    key                                      0x200013e8   Data          16  bootloader_function.o(.bss)
    .bss                                     0x200013f8   Section       32  stm32f1xx_hal_flash.o(.bss)
    STACK                                    0x20001418   Section     9472  startup_stm32f105xc.o(STACK)

    Global Symbols

    Symbol Name                              Value     Ov Type        Size  Object(Section)

    BuildAttributes$$THM_ISAv4$P$D$K$B$S$PE$A:L22UL41UL21$X:L11$S22US41US21$IEEE1$IW$USESV6$~STKCKD$USESV7$~SHL$OSPACE$ROPI$EBA8$MICROLIB$REQ8$PRES8$EABIv2 0x00000000   Number         0  anon$$obj.o ABSOLUTE
    __ARM_use_no_argv                        0x00000000   Number         0  main.o ABSOLUTE
    _printf_a                                0x00000000   Number         0  stubs.o ABSOLUTE
    _printf_c                                0x00000000   Number         0  stubs.o ABSOLUTE
    _printf_charcount                        0x00000000   Number         0  stubs.o ABSOLUTE
    _printf_d                                0x00000000   Number         0  stubs.o ABSOLUTE
    _printf_e                                0x00000000   Number         0  stubs.o ABSOLUTE
    _printf_f                                0x00000000   Number         0  stubs.o ABSOLUTE
    _printf_flags                            0x00000000   Number         0  stubs.o ABSOLUTE
    _printf_fp_dec                           0x00000000   Number         0  stubs.o ABSOLUTE
    _printf_fp_hex                           0x00000000   Number         0  stubs.o ABSOLUTE
    _printf_g                                0x00000000   Number         0  stubs.o ABSOLUTE
    _printf_i                                0x00000000   Number         0  stubs.o ABSOLUTE
    _printf_int_dec                          0x00000000   Number         0  stubs.o ABSOLUTE
    _printf_l                                0x00000000   Number         0  stubs.o ABSOLUTE
    _printf_lc                               0x00000000   Number         0  stubs.o ABSOLUTE
    _printf_ll                               0x00000000   Number         0  stubs.o ABSOLUTE
    _printf_lld                              0x00000000   Number         0  stubs.o ABSOLUTE
    _printf_lli                              0x00000000   Number         0  stubs.o ABSOLUTE
    _printf_llo                              0x00000000   Number         0  stubs.o ABSOLUTE
    _printf_llu                              0x00000000   Number         0  stubs.o ABSOLUTE
    _printf_llx                              0x00000000   Number         0  stubs.o ABSOLUTE
    _printf_longlong_dec                     0x00000000   Number         0  stubs.o ABSOLUTE
    _printf_longlong_hex                     0x00000000   Number         0  stubs.o ABSOLUTE
    _printf_longlong_oct                     0x00000000   Number         0  stubs.o ABSOLUTE
    _printf_ls                               0x00000000   Number         0  stubs.o ABSOLUTE
    _printf_mbtowc                           0x00000000   Number         0  stubs.o ABSOLUTE
    _printf_n                                0x00000000   Number         0  stubs.o ABSOLUTE
    _printf_o                                0x00000000   Number         0  stubs.o ABSOLUTE
    _printf_p                                0x00000000   Number         0  stubs.o ABSOLUTE
    _printf_percent                          0x00000000   Number         0  stubs.o ABSOLUTE
    _printf_pre_padding                      0x00000000   Number         0  stubs.o ABSOLUTE
    _printf_return_value                     0x00000000   Number         0  stubs.o ABSOLUTE
    _printf_s                                0x00000000   Number         0  stubs.o ABSOLUTE
    _printf_sizespec                         0x00000000   Number         0  stubs.o ABSOLUTE
    _printf_str                              0x00000000   Number         0  stubs.o ABSOLUTE
    _printf_truncate_signed                  0x00000000   Number         0  stubs.o ABSOLUTE
    _printf_truncate_unsigned                0x00000000   Number         0  stubs.o ABSOLUTE
    _printf_u                                0x00000000   Number         0  stubs.o ABSOLUTE
    _printf_wc                               0x00000000   Number         0  stubs.o ABSOLUTE
    _printf_wctomb                           0x00000000   Number         0  stubs.o ABSOLUTE
    _printf_widthprec                        0x00000000   Number         0  stubs.o ABSOLUTE
    _printf_x                                0x00000000   Number         0  stubs.o ABSOLUTE
    __cpp_initialize__aeabi_                  - Undefined Weak Reference
    __cxa_finalize                            - Undefined Weak Reference
    _clock_init                               - Undefined Weak Reference
    _microlib_exit                            - Undefined Weak Reference
    __Vectors_Size                           0x00000150   Number         0  startup_stm32f105xc.o ABSOLUTE
    __Vectors                                0x08000000   Data           4  startup_stm32f105xc.o(RESET)
    __Vectors_End                            0x08000150   Data           0  startup_stm32f105xc.o(RESET)
    __main                                   0x08000151   Thumb Code     0  entry.o(.ARM.Collect$$$$00000000)
    _main_stk                                0x08000151   Thumb Code     0  entry2.o(.ARM.Collect$$$$00000001)
    _main_scatterload                        0x08000155   Thumb Code     0  entry5.o(.ARM.Collect$$$$00000004)
    __main_after_scatterload                 0x08000159   Thumb Code     0  entry5.o(.ARM.Collect$$$$00000004)
    _main_clock                              0x08000159   Thumb Code     0  entry7b.o(.ARM.Collect$$$$00000008)
    _main_cpp_init                           0x08000159   Thumb Code     0  entry8b.o(.ARM.Collect$$$$0000000A)
    _main_init                               0x08000159   Thumb Code     0  entry9a.o(.ARM.Collect$$$$0000000B)
    __rt_final_cpp                           0x08000161   Thumb Code     0  entry10a.o(.ARM.Collect$$$$0000000D)
    __rt_final_exit                          0x08000161   Thumb Code     0  entry11a.o(.ARM.Collect$$$$0000000F)
    Reset_Handler                            0x08000165   Thumb Code     8  startup_stm32f105xc.o(.text)
    ADC1_2_IRQHandler                        0x0800017f   Thumb Code     0  startup_stm32f105xc.o(.text)
    CAN1_RX1_IRQHandler                      0x0800017f   Thumb Code     0  startup_stm32f105xc.o(.text)
    CAN1_SCE_IRQHandler                      0x0800017f   Thumb Code     0  startup_stm32f105xc.o(.text)
    CAN1_TX_IRQHandler                       0x0800017f   Thumb Code     0  startup_stm32f105xc.o(.text)
    CAN2_RX0_IRQHandler                      0x0800017f   Thumb Code     0  startup_stm32f105xc.o(.text)
    CAN2_RX1_IRQHandler                      0x0800017f   Thumb Code     0  startup_stm32f105xc.o(.text)
    CAN2_SCE_IRQHandler                      0x0800017f   Thumb Code     0  startup_stm32f105xc.o(.text)
    CAN2_TX_IRQHandler                       0x0800017f   Thumb Code     0  startup_stm32f105xc.o(.text)
    DMA1_Channel1_IRQHandler                 0x0800017f   Thumb Code     0  startup_stm32f105xc.o(.text)
    DMA1_Channel2_IRQHandler                 0x0800017f   Thumb Code     0  startup_stm32f105xc.o(.text)
    DMA1_Channel3_IRQHandler                 0x0800017f   Thumb Code     0  startup_stm32f105xc.o(.text)
    DMA1_Channel4_IRQHandler                 0x0800017f   Thumb Code     0  startup_stm32f105xc.o(.text)
    DMA1_Channel5_IRQHandler                 0x0800017f   Thumb Code     0  startup_stm32f105xc.o(.text)
    DMA1_Channel6_IRQHandler                 0x0800017f   Thumb Code     0  startup_stm32f105xc.o(.text)
    DMA1_Channel7_IRQHandler                 0x0800017f   Thumb Code     0  startup_stm32f105xc.o(.text)
    DMA2_Channel1_IRQHandler                 0x0800017f   Thumb Code     0  startup_stm32f105xc.o(.text)
    DMA2_Channel2_IRQHandler                 0x0800017f   Thumb Code     0  startup_stm32f105xc.o(.text)
    DMA2_Channel3_IRQHandler                 0x0800017f   Thumb Code     0  startup_stm32f105xc.o(.text)
    DMA2_Channel4_IRQHandler                 0x0800017f   Thumb Code     0  startup_stm32f105xc.o(.text)
    DMA2_Channel5_IRQHandler                 0x0800017f   Thumb Code     0  startup_stm32f105xc.o(.text)
    EXTI0_IRQHandler                         0x0800017f   Thumb Code     0  startup_stm32f105xc.o(.text)
    EXTI15_10_IRQHandler                     0x0800017f   Thumb Code     0  startup_stm32f105xc.o(.text)
    EXTI1_IRQHandler                         0x0800017f   Thumb Code     0  startup_stm32f105xc.o(.text)
    EXTI2_IRQHandler                         0x0800017f   Thumb Code     0  startup_stm32f105xc.o(.text)
    EXTI3_IRQHandler                         0x0800017f   Thumb Code     0  startup_stm32f105xc.o(.text)
    EXTI4_IRQHandler                         0x0800017f   Thumb Code     0  startup_stm32f105xc.o(.text)
    EXTI9_5_IRQHandler                       0x0800017f   Thumb Code     0  startup_stm32f105xc.o(.text)
    FLASH_IRQHandler                         0x0800017f   Thumb Code     0  startup_stm32f105xc.o(.text)
    I2C1_ER_IRQHandler                       0x0800017f   Thumb Code     0  startup_stm32f105xc.o(.text)
    I2C1_EV_IRQHandler                       0x0800017f   Thumb Code     0  startup_stm32f105xc.o(.text)
    I2C2_ER_IRQHandler                       0x0800017f   Thumb Code     0  startup_stm32f105xc.o(.text)
    I2C2_EV_IRQHandler                       0x0800017f   Thumb Code     0  startup_stm32f105xc.o(.text)
    OTG_FS_WKUP_IRQHandler                   0x0800017f   Thumb Code     0  startup_stm32f105xc.o(.text)
    PVD_IRQHandler                           0x0800017f   Thumb Code     0  startup_stm32f105xc.o(.text)
    RCC_IRQHandler                           0x0800017f   Thumb Code     0  startup_stm32f105xc.o(.text)
    RTC_Alarm_IRQHandler                     0x0800017f   Thumb Code     0  startup_stm32f105xc.o(.text)
    RTC_IRQHandler                           0x0800017f   Thumb Code     0  startup_stm32f105xc.o(.text)
    SPI1_IRQHandler                          0x0800017f   Thumb Code     0  startup_stm32f105xc.o(.text)
    SPI2_IRQHandler                          0x0800017f   Thumb Code     0  startup_stm32f105xc.o(.text)
    SPI3_IRQHandler                          0x0800017f   Thumb Code     0  startup_stm32f105xc.o(.text)
    TAMPER_IRQHandler                        0x0800017f   Thumb Code     0  startup_stm32f105xc.o(.text)
    TIM1_BRK_IRQHandler                      0x0800017f   Thumb Code     0  startup_stm32f105xc.o(.text)
    TIM1_CC_IRQHandler                       0x0800017f   Thumb Code     0  startup_stm32f105xc.o(.text)
    TIM1_TRG_COM_IRQHandler                  0x0800017f   Thumb Code     0  startup_stm32f105xc.o(.text)
    TIM1_UP_IRQHandler                       0x0800017f   Thumb Code     0  startup_stm32f105xc.o(.text)
    TIM2_IRQHandler                          0x0800017f   Thumb Code     0  startup_stm32f105xc.o(.text)
    TIM3_IRQHandler                          0x0800017f   Thumb Code     0  startup_stm32f105xc.o(.text)
    TIM4_IRQHandler                          0x0800017f   Thumb Code     0  startup_stm32f105xc.o(.text)
    TIM5_IRQHandler                          0x0800017f   Thumb Code     0  startup_stm32f105xc.o(.text)
    TIM6_IRQHandler                          0x0800017f   Thumb Code     0  startup_stm32f105xc.o(.text)
    TIM7_IRQHandler                          0x0800017f   Thumb Code     0  startup_stm32f105xc.o(.text)
    UART4_IRQHandler                         0x0800017f   Thumb Code     0  startup_stm32f105xc.o(.text)
    UART5_IRQHandler                         0x0800017f   Thumb Code     0  startup_stm32f105xc.o(.text)
    USART1_IRQHandler                        0x0800017f   Thumb Code     0  startup_stm32f105xc.o(.text)
    USART2_IRQHandler                        0x0800017f   Thumb Code     0  startup_stm32f105xc.o(.text)
    USART3_IRQHandler                        0x0800017f   Thumb Code     0  startup_stm32f105xc.o(.text)
    WWDG_IRQHandler                          0x0800017f   Thumb Code     0  startup_stm32f105xc.o(.text)
    __aeabi_memcpy                           0x08000189   Thumb Code    36  memcpya.o(.text)
    __aeabi_memcpy4                          0x08000189   Thumb Code     0  memcpya.o(.text)
    __aeabi_memcpy8                          0x08000189   Thumb Code     0  memcpya.o(.text)
    atoi                                     0x080001ad   Thumb Code    26  atoi.o(.text)
    __aeabi_uidiv                            0x080001c7   Thumb Code     0  uidiv.o(.text)
    __aeabi_uidivmod                         0x080001c7   Thumb Code    44  uidiv.o(.text)
    strtol                                   0x080001f3   Thumb Code   112  strtol.o(.text)
    __scatterload                            0x08000265   Thumb Code    28  init.o(.text)
    __scatterload_rt2                        0x08000265   Thumb Code     0  init.o(.text)
    __rt_ctype_table                         0x08000289   Thumb Code     4  ctype_o.o(.text)
    _strtoul                                 0x08000291   Thumb Code   158  _strtoul.o(.text)
    _chval                                   0x0800032f   Thumb Code    28  _chval.o(.text)
    __decompress                             0x0800034b   Thumb Code     0  __dczerorl2.o(.text)
    __decompress1                            0x0800034b   Thumb Code    86  __dczerorl2.o(.text)
    BusFault_Handler                         0x080003a1   Thumb Code     2  stm32f1xx_it.o(i.BusFault_Handler)
    CAN1_RX0_IRQHandler                      0x080003a5   Thumb Code     6  stm32f1xx_it.o(i.CAN1_RX0_IRQHandler)
    CDC_Transmit_FS                          0x08000585   Thumb Code    38  usbd_cdc_if.o(i.CDC_Transmit_FS)
    DebugMon_Handler                         0x080005b1   Thumb Code     2  stm32f1xx_it.o(i.DebugMon_Handler)
    Error_Handler                            0x080005b3   Thumb Code     2  main.o(i.Error_Handler)
    FLASH_PageErase                          0x080005d9   Thumb Code    28  stm32f1xx_hal_flash_ex.o(i.FLASH_PageErase)
    FLASH_WaitForLastOperation               0x08000641   Thumb Code    80  stm32f1xx_hal_flash.o(i.FLASH_WaitForLastOperation)
    HAL_CAN_ErrorCallback                    0x08000695   Thumb Code     2  stm32f1xx_hal_can.o(i.HAL_CAN_ErrorCallback)
    HAL_CAN_IRQHandler                       0x08000699   Thumb Code   378  stm32f1xx_hal_can.o(i.HAL_CAN_IRQHandler)
    HAL_CAN_RxCpltCallback                   0x08000821   Thumb Code     2  stm32f1xx_hal_can.o(i.HAL_CAN_RxCpltCallback)
    HAL_CAN_TxCpltCallback                   0x08000823   Thumb Code     2  stm32f1xx_hal_can.o(i.HAL_CAN_TxCpltCallback)
    HAL_Delay                                0x08000825   Thumb Code    22  stm32f1xx_hal.o(i.HAL_Delay)
    HAL_FLASHEx_Erase                        0x0800083d   Thumb Code   160  stm32f1xx_hal_flash_ex.o(i.HAL_FLASHEx_Erase)
    HAL_FLASH_Lock                           0x080008e5   Thumb Code    14  stm32f1xx_hal_flash.o(i.HAL_FLASH_Lock)
    HAL_FLASH_Unlock                         0x080008f9   Thumb Code    24  stm32f1xx_hal_flash.o(i.HAL_FLASH_Unlock)
    HAL_GPIO_Init                            0x0800091d   Thumb Code   422  stm32f1xx_hal_gpio.o(i.HAL_GPIO_Init)
    HAL_GPIO_WritePin                        0x08000ae5   Thumb Code    10  stm32f1xx_hal_gpio.o(i.HAL_GPIO_WritePin)
    HAL_GetTick                              0x08000af1   Thumb Code     6  stm32f1xx_hal.o(i.HAL_GetTick)
    HAL_IncTick                              0x08000afd   Thumb Code    10  stm32f1xx_hal.o(i.HAL_IncTick)
    HAL_Init                                 0x08000b0d   Thumb Code    32  stm32f1xx_hal.o(i.HAL_Init)
    HAL_InitTick                             0x08000b31   Thumb Code    34  stm32f1xx_hal.o(i.HAL_InitTick)
    HAL_MspInit                              0x08000b55   Thumb Code   118  stm32f1xx_hal_msp.o(i.HAL_MspInit)
    HAL_NVIC_EnableIRQ                       0x08000bd5   Thumb Code    22  stm32f1xx_hal_cortex.o(i.HAL_NVIC_EnableIRQ)
    HAL_NVIC_SetPriority                     0x08000bed   Thumb Code    60  stm32f1xx_hal_cortex.o(i.HAL_NVIC_SetPriority)
    HAL_NVIC_SetPriorityGrouping             0x08000c2d   Thumb Code    26  stm32f1xx_hal_cortex.o(i.HAL_NVIC_SetPriorityGrouping)
    HAL_PCDEx_SetConnectionState             0x08000c51   Thumb Code     2  usbd_conf.o(i.HAL_PCDEx_SetConnectionState)
    HAL_PCDEx_SetRxFiFo                      0x08000c53   Thumb Code     8  stm32f1xx_hal_pcd_ex.o(i.HAL_PCDEx_SetRxFiFo)
    HAL_PCDEx_SetTxFiFo                      0x08000c5b   Thumb Code    68  stm32f1xx_hal_pcd_ex.o(i.HAL_PCDEx_SetTxFiFo)
    HAL_PCD_ConnectCallback                  0x08000c9f   Thumb Code     8  usbd_conf.o(i.HAL_PCD_ConnectCallback)
    HAL_PCD_DataInStageCallback              0x08000ca7   Thumb Code    18  usbd_conf.o(i.HAL_PCD_DataInStageCallback)
    HAL_PCD_DataOutStageCallback             0x08000cb9   Thumb Code    20  usbd_conf.o(i.HAL_PCD_DataOutStageCallback)
    HAL_PCD_DisconnectCallback               0x08000ccd   Thumb Code     8  usbd_conf.o(i.HAL_PCD_DisconnectCallback)
    HAL_PCD_EP_Close                         0x08000cd5   Thumb Code    68  stm32f1xx_hal_pcd.o(i.HAL_PCD_EP_Close)
    HAL_PCD_EP_ClrStall                      0x08000d19   Thumb Code    80  stm32f1xx_hal_pcd.o(i.HAL_PCD_EP_ClrStall)
    HAL_PCD_EP_GetRxCount                    0x08000d69   Thumb Code    20  stm32f1xx_hal_pcd.o(i.HAL_PCD_EP_GetRxCount)
    HAL_PCD_EP_Open                          0x08000d7d   Thumb Code    72  stm32f1xx_hal_pcd.o(i.HAL_PCD_EP_Open)
    HAL_PCD_EP_Receive                       0x08000dc5   Thumb Code    82  stm32f1xx_hal_pcd.o(i.HAL_PCD_EP_Receive)
    HAL_PCD_EP_SetStall                      0x08000e17   Thumb Code    94  stm32f1xx_hal_pcd.o(i.HAL_PCD_EP_SetStall)
    HAL_PCD_EP_Transmit                      0x08000e75   Thumb Code    76  stm32f1xx_hal_pcd.o(i.HAL_PCD_EP_Transmit)
    HAL_PCD_IRQHandler                       0x08000ec1   Thumb Code   818  stm32f1xx_hal_pcd.o(i.HAL_PCD_IRQHandler)
    HAL_PCD_ISOINIncompleteCallback          0x080011f3   Thumb Code     8  usbd_conf.o(i.HAL_PCD_ISOINIncompleteCallback)
    HAL_PCD_ISOOUTIncompleteCallback         0x080011fb   Thumb Code     8  usbd_conf.o(i.HAL_PCD_ISOOUTIncompleteCallback)
    HAL_PCD_Init                             0x08001203   Thumb Code   196  stm32f1xx_hal_pcd.o(i.HAL_PCD_Init)
    HAL_PCD_MspInit                          0x080012c9   Thumb Code    70  usbd_conf.o(i.HAL_PCD_MspInit)
    HAL_PCD_ResetCallback                    0x08001319   Thumb Code    32  usbd_conf.o(i.HAL_PCD_ResetCallback)
    HAL_PCD_ResumeCallback                   0x08001339   Thumb Code     8  usbd_conf.o(i.HAL_PCD_ResumeCallback)
    HAL_PCD_SOFCallback                      0x08001341   Thumb Code     8  usbd_conf.o(i.HAL_PCD_SOFCallback)
    HAL_PCD_SetAddress                       0x08001349   Thumb Code    40  stm32f1xx_hal_pcd.o(i.HAL_PCD_SetAddress)
    HAL_PCD_SetupStageCallback               0x08001371   Thumb Code    14  usbd_conf.o(i.HAL_PCD_SetupStageCallback)
    HAL_PCD_Start                            0x0800137f   Thumb Code    50  stm32f1xx_hal_pcd.o(i.HAL_PCD_Start)
    HAL_PCD_SuspendCallback                  0x080013b1   Thumb Code    44  usbd_conf.o(i.HAL_PCD_SuspendCallback)
    HAL_RCCEx_PeriphCLKConfig                0x080013e1   Thumb Code   508  stm32f1xx_hal_rcc_ex.o(i.HAL_RCCEx_PeriphCLKConfig)
    HAL_RCC_ClockConfig                      0x080015e9   Thumb Code   366  stm32f1xx_hal_rcc.o(i.HAL_RCC_ClockConfig)
    HAL_RCC_GetHCLKFreq                      0x08001769   Thumb Code     6  stm32f1xx_hal_rcc.o(i.HAL_RCC_GetHCLKFreq)
    HAL_RCC_GetSysClockFreq                  0x08001775   Thumb Code   180  stm32f1xx_hal_rcc.o(i.HAL_RCC_GetSysClockFreq)
    HAL_RCC_OscConfig                        0x08001851   Thumb Code  1758  stm32f1xx_hal_rcc.o(i.HAL_RCC_OscConfig)
    HAL_SYSTICK_CLKSourceConfig              0x08001f2f   Thumb Code    24  stm32f1xx_hal_cortex.o(i.HAL_SYSTICK_CLKSourceConfig)
    HAL_SYSTICK_Callback                     0x08001f47   Thumb Code     2  stm32f1xx_hal_cortex.o(i.HAL_SYSTICK_Callback)
    HAL_SYSTICK_Config                       0x08001f49   Thumb Code    40  stm32f1xx_hal_cortex.o(i.HAL_SYSTICK_Config)
    HAL_SYSTICK_IRQHandler                   0x08001f71   Thumb Code     8  stm32f1xx_hal_cortex.o(i.HAL_SYSTICK_IRQHandler)
    HardFault_Handler                        0x08001f79   Thumb Code     2  stm32f1xx_it.o(i.HardFault_Handler)
    Internal_Flash_Write                     0x08001f7d   Thumb Code    70  bootloader_function.o(i.Internal_Flash_Write)
    MX_USB_DEVICE_Init                       0x0800202d   Thumb Code    38  usb_device.o(i.MX_USB_DEVICE_Init)
    MemManage_Handler                        0x08002065   Thumb Code     2  stm32f1xx_it.o(i.MemManage_Handler)
    NMI_Handler                              0x08002067   Thumb Code     2  stm32f1xx_it.o(i.NMI_Handler)
    OTG_FS_IRQHandler                        0x08002089   Thumb Code     6  stm32f1xx_it.o(i.OTG_FS_IRQHandler)
    PendSV_Handler                           0x08002121   Thumb Code     2  stm32f1xx_it.o(i.PendSV_Handler)
    RAM_buffer_fill                          0x08002125   Thumb Code    62  bootloader_function.o(i.RAM_buffer_fill)
    RTEA_decoder                             0x08002175   Thumb Code   204  bootloader_function.o(i.RTEA_decoder)
    SVC_Handler                              0x08002259   Thumb Code     2  stm32f1xx_it.o(i.SVC_Handler)
    SysTick_Handler                          0x0800225b   Thumb Code    14  stm32f1xx_it.o(i.SysTick_Handler)
    SystemClock_Config                       0x08002269   Thumb Code   140  main.o(i.SystemClock_Config)
    SystemInit                               0x080022f9   Thumb Code    68  system_stm32f1xx.o(i.SystemInit)
    USBD_CDC_GetDeviceQualifierDescriptor    0x080023f1   Thumb Code     8  usbd_cdc.o(i.USBD_CDC_GetDeviceQualifierDescriptor)
    USBD_CDC_ReceivePacket                   0x080024a9   Thumb Code    40  usbd_cdc.o(i.USBD_CDC_ReceivePacket)
    USBD_CDC_RegisterInterface               0x080024d1   Thumb Code    16  usbd_cdc.o(i.USBD_CDC_RegisterInterface)
    USBD_CDC_SetRxBuffer                     0x080024e1   Thumb Code    12  usbd_cdc.o(i.USBD_CDC_SetRxBuffer)
    USBD_CDC_SetTxBuffer                     0x080024ed   Thumb Code    16  usbd_cdc.o(i.USBD_CDC_SetTxBuffer)
    USBD_CDC_TransmitPacket                  0x0800256d   Thumb Code    48  usbd_cdc.o(i.USBD_CDC_TransmitPacket)
    USBD_ClrClassConfig                      0x0800259d   Thumb Code    14  usbd_core.o(i.USBD_ClrClassConfig)
    USBD_CtlContinueRx                       0x080025ab   Thumb Code    16  usbd_ioreq.o(i.USBD_CtlContinueRx)
    USBD_CtlContinueSendData                 0x080025bb   Thumb Code    16  usbd_ioreq.o(i.USBD_CtlContinueSendData)
    USBD_CtlError                            0x080025cb   Thumb Code    22  usbd_ctlreq.o(i.USBD_CtlError)
    USBD_CtlPrepareRx                        0x080025e1   Thumb Code    30  usbd_ioreq.o(i.USBD_CtlPrepareRx)
    USBD_CtlReceiveStatus                    0x080025ff   Thumb Code    22  usbd_ioreq.o(i.USBD_CtlReceiveStatus)
    USBD_CtlSendData                         0x08002615   Thumb Code    26  usbd_ioreq.o(i.USBD_CtlSendData)
    USBD_CtlSendStatus                       0x0800262f   Thumb Code    22  usbd_ioreq.o(i.USBD_CtlSendStatus)
    USBD_FS_ConfigStrDescriptor              0x08002645   Thumb Code    16  usbd_desc.o(i.USBD_FS_ConfigStrDescriptor)
    USBD_FS_DeviceDescriptor                 0x08002665   Thumb Code     8  usbd_desc.o(i.USBD_FS_DeviceDescriptor)
    USBD_FS_InterfaceStrDescriptor           0x08002671   Thumb Code    16  usbd_desc.o(i.USBD_FS_InterfaceStrDescriptor)
    USBD_FS_LangIDStrDescriptor              0x08002695   Thumb Code     8  usbd_desc.o(i.USBD_FS_LangIDStrDescriptor)
    USBD_FS_ManufacturerStrDescriptor        0x080026a1   Thumb Code    16  usbd_desc.o(i.USBD_FS_ManufacturerStrDescriptor)
    USBD_FS_ProductStrDescriptor             0x080026c9   Thumb Code    16  usbd_desc.o(i.USBD_FS_ProductStrDescriptor)
    USBD_FS_SerialStrDescriptor              0x080026f5   Thumb Code    16  usbd_desc.o(i.USBD_FS_SerialStrDescriptor)
    USBD_GetString                           0x080027f9   Thumb Code    70  usbd_ctlreq.o(i.USBD_GetString)
    USBD_Init                                0x0800283f   Thumb Code    42  usbd_core.o(i.USBD_Init)
    USBD_LL_ClearStallEP                     0x08002869   Thumb Code    14  usbd_conf.o(i.USBD_LL_ClearStallEP)
    USBD_LL_CloseEP                          0x08002877   Thumb Code    14  usbd_conf.o(i.USBD_LL_CloseEP)
    USBD_LL_DataInStage                      0x08002885   Thumb Code   170  usbd_core.o(i.USBD_LL_DataInStage)
    USBD_LL_DataOutStage                     0x0800292f   Thumb Code   106  usbd_core.o(i.USBD_LL_DataOutStage)
    USBD_LL_DevConnected                     0x08002999   Thumb Code     4  usbd_core.o(i.USBD_LL_DevConnected)
    USBD_LL_DevDisconnected                  0x0800299d   Thumb Code    22  usbd_core.o(i.USBD_LL_DevDisconnected)
    USBD_LL_GetRxDataSize                    0x080029b3   Thumb Code     8  usbd_conf.o(i.USBD_LL_GetRxDataSize)
    USBD_LL_Init                             0x080029bd   Thumb Code    84  usbd_conf.o(i.USBD_LL_Init)
    USBD_LL_IsStallEP                        0x08002a15   Thumb Code    32  usbd_conf.o(i.USBD_LL_IsStallEP)
    USBD_LL_IsoINIncomplete                  0x08002a35   Thumb Code     4  usbd_core.o(i.USBD_LL_IsoINIncomplete)
    USBD_LL_IsoOUTIncomplete                 0x08002a39   Thumb Code     4  usbd_core.o(i.USBD_LL_IsoOUTIncomplete)
    USBD_LL_OpenEP                           0x08002a3d   Thumb Code    20  usbd_conf.o(i.USBD_LL_OpenEP)
    USBD_LL_PrepareReceive                   0x08002a51   Thumb Code    14  usbd_conf.o(i.USBD_LL_PrepareReceive)
    USBD_LL_Reset                            0x08002a5f   Thumb Code    62  usbd_core.o(i.USBD_LL_Reset)
    USBD_LL_Resume                           0x08002a9d   Thumb Code    12  usbd_core.o(i.USBD_LL_Resume)
    USBD_LL_SOF                              0x08002aa9   Thumb Code    24  usbd_core.o(i.USBD_LL_SOF)
    USBD_LL_SetSpeed                         0x08002ac1   Thumb Code     6  usbd_core.o(i.USBD_LL_SetSpeed)
    USBD_LL_SetUSBAddress                    0x08002ac7   Thumb Code    14  usbd_conf.o(i.USBD_LL_SetUSBAddress)
    USBD_LL_SetupStage                       0x08002ad5   Thumb Code    90  usbd_core.o(i.USBD_LL_SetupStage)
    USBD_LL_StallEP                          0x08002b2f   Thumb Code    14  usbd_conf.o(i.USBD_LL_StallEP)
    USBD_LL_Start                            0x08002b3d   Thumb Code    14  usbd_conf.o(i.USBD_LL_Start)
    USBD_LL_Suspend                          0x08002b4b   Thumb Code    18  usbd_core.o(i.USBD_LL_Suspend)
    USBD_LL_Transmit                         0x08002b5d   Thumb Code    14  usbd_conf.o(i.USBD_LL_Transmit)
    USBD_ParseSetupRequest                   0x08002b6b   Thumb Code    40  usbd_ctlreq.o(i.USBD_ParseSetupRequest)
    USBD_RegisterClass                       0x08002b93   Thumb Code    16  usbd_core.o(i.USBD_RegisterClass)
    USBD_SetClassConfig                      0x08002ba3   Thumb Code    22  usbd_core.o(i.USBD_SetClassConfig)
    USBD_Start                               0x08002c2d   Thumb Code    10  usbd_core.o(i.USBD_Start)
    USBD_StdDevReq                           0x08002c37   Thumb Code   242  usbd_ctlreq.o(i.USBD_StdDevReq)
    USBD_StdEPReq                            0x08002d29   Thumb Code   220  usbd_ctlreq.o(i.USBD_StdEPReq)
    USBD_StdItfReq                           0x08002e05   Thumb Code    52  usbd_ctlreq.o(i.USBD_StdItfReq)
    USBD_static_free                         0x08002e39   Thumb Code     2  usbd_conf.o(i.USBD_static_free)
    USBD_static_malloc                       0x08002e3d   Thumb Code     4  usbd_conf.o(i.USBD_static_malloc)
    USB_ActivateEndpoint                     0x08002e45   Thumb Code   138  stm32f1xx_ll_usb.o(i.USB_ActivateEndpoint)
    USB_ActivateSetup                        0x08002ed5   Thumb Code    52  stm32f1xx_ll_usb.o(i.USB_ActivateSetup)
    USB_CoreInit                             0x08002f09   Thumb Code    28  stm32f1xx_ll_usb.o(i.USB_CoreInit)
    USB_DeactivateEndpoint                   0x08002f71   Thumb Code   110  stm32f1xx_ll_usb.o(i.USB_DeactivateEndpoint)
    USB_DevConnect                           0x08002fdf   Thumb Code    24  stm32f1xx_ll_usb.o(i.USB_DevConnect)
    USB_DevDisconnect                        0x08002ff7   Thumb Code    24  stm32f1xx_ll_usb.o(i.USB_DevDisconnect)
    USB_DevInit                              0x08003011   Thumb Code   254  stm32f1xx_ll_usb.o(i.USB_DevInit)
    USB_DisableGlobalInt                     0x08003119   Thumb Code    12  stm32f1xx_ll_usb.o(i.USB_DisableGlobalInt)
    USB_EP0StartXfer                         0x08003125   Thumb Code   278  stm32f1xx_ll_usb.o(i.USB_EP0StartXfer)
    USB_EP0_OutStart                         0x08003241   Thumb Code    46  stm32f1xx_ll_usb.o(i.USB_EP0_OutStart)
    USB_EPClearStall                         0x0800326f   Thumb Code   100  stm32f1xx_ll_usb.o(i.USB_EPClearStall)
    USB_EPSetStall                           0x080032d3   Thumb Code    94  stm32f1xx_ll_usb.o(i.USB_EPSetStall)
    USB_EPStartXfer                          0x08003331   Thumb Code   496  stm32f1xx_ll_usb.o(i.USB_EPStartXfer)
    USB_EnableGlobalInt                      0x08003525   Thumb Code    12  stm32f1xx_ll_usb.o(i.USB_EnableGlobalInt)
    USB_FlushRxFifo                          0x08003531   Thumb Code    28  stm32f1xx_ll_usb.o(i.USB_FlushRxFifo)
    USB_FlushTxFifo                          0x08003551   Thumb Code    32  stm32f1xx_ll_usb.o(i.USB_FlushTxFifo)
    USB_GetMode                              0x08003575   Thumb Code     8  stm32f1xx_ll_usb.o(i.USB_GetMode)
    USB_ReadDevAllInEpInterrupt              0x0800357d   Thumb Code    14  stm32f1xx_ll_usb.o(i.USB_ReadDevAllInEpInterrupt)
    USB_ReadDevAllOutEpInterrupt             0x0800358b   Thumb Code    14  stm32f1xx_ll_usb.o(i.USB_ReadDevAllOutEpInterrupt)
    USB_ReadDevInEPInterrupt                 0x08003599   Thumb Code    30  stm32f1xx_ll_usb.o(i.USB_ReadDevInEPInterrupt)
    USB_ReadDevOutEPInterrupt                0x080035b7   Thumb Code    16  stm32f1xx_ll_usb.o(i.USB_ReadDevOutEPInterrupt)
    USB_ReadInterrupts                       0x080035c7   Thumb Code     8  stm32f1xx_ll_usb.o(i.USB_ReadInterrupts)
    USB_ReadPacket                           0x080035cf   Thumb Code    32  stm32f1xx_ll_usb.o(i.USB_ReadPacket)
    USB_SetCurrentMode                       0x080035ef   Thumb Code    44  stm32f1xx_ll_usb.o(i.USB_SetCurrentMode)
    USB_SetDevAddress                        0x0800361b   Thumb Code    34  stm32f1xx_ll_usb.o(i.USB_SetDevAddress)
    USB_WritePacket                          0x0800363d   Thumb Code    34  stm32f1xx_ll_usb.o(i.USB_WritePacket)
    UsageFault_Handler                       0x0800365f   Thumb Code     2  stm32f1xx_it.o(i.UsageFault_Handler)
    __0sprintf$6                             0x08003661   Thumb Code    34  printf6.o(i.__0sprintf$6)
    __1sprintf$6                             0x08003661   Thumb Code     0  printf6.o(i.__0sprintf$6)
    __2sprintf                               0x08003661   Thumb Code     0  printf6.o(i.__0sprintf$6)
    __aeabi_errno_addr                       0x08003689   Thumb Code     4  errno.o(i.__aeabi_errno_addr)
    __rt_errno_addr                          0x08003689   Thumb Code     0  errno.o(i.__aeabi_errno_addr)
    __scatterload_copy                       0x08003691   Thumb Code    14  handlers.o(i.__scatterload_copy)
    __scatterload_null                       0x0800369f   Thumb Code     2  handlers.o(i.__scatterload_null)
    __scatterload_zeroinit                   0x080036a1   Thumb Code    14  handlers.o(i.__scatterload_zeroinit)
    flash_erase_page                         0x080039fd   Thumb Code    50  bootloader_function.o(i.flash_erase_page)
    flash_write_page                         0x08003a31   Thumb Code    54  bootloader_function.o(i.flash_write_page)
    hexint                                   0x08003a71   Thumb Code    98  bootloader_function.o(i.hexint)
    main                                     0x08003ad5   Thumb Code   174  main.o(i.main)
    my_led_off                               0x08003b91   Thumb Code    38  led_manager.o(i.my_led_off)
    my_led_on                                0x08003bbd   Thumb Code    38  led_manager.o(i.my_led_on)
    operation_manager                        0x08003be9   Thumb Code    72  bootloader_function.o(i.operation_manager)
    set_page                                 0x08003c35   Thumb Code    32  bootloader_function.o(i.set_page)
    AHBPrescTable                            0x08003c60   Data          16  system_stm32f1xx.o(.constdata)
    __ctype_table                            0x08003c88   Data         129  ctype_o.o(.constdata)
    Region$$Table$$Base                      0x08003d10   Number         0  anon$$obj.o(Region$$Table)
    Region$$Table$$Limit                     0x08003d30   Number         0  anon$$obj.o(Region$$Table)
    SystemCoreClock                          0x20000000   Data           4  system_stm32f1xx.o(.data)
    USBD_CDC_CfgHSDesc                       0x20000014   Data          67  usbd_cdc.o(.data)
    USBD_CDC_CfgFSDesc                       0x20000058   Data          67  usbd_cdc.o(.data)
    USBD_CDC_OtherSpeedCfgDesc               0x2000009c   Data          67  usbd_cdc.o(.data)
    USBD_CDC                                 0x200000e0   Data          56  usbd_cdc.o(.data)
    FS_Desc                                  0x2000011c   Data          28  usbd_desc.o(.data)
    USBD_LangIDDesc                          0x20000138   Data           4  usbd_desc.o(.data)
    USBD_FS_DeviceDesc                       0x2000013c   Data          18  usbd_desc.o(.data)
    page_for_writing                         0x2000014e   Data           1  main.o(.data)
    page_offset                              0x20000150   Data           2  main.o(.data)
    command_buffer_index                     0x20000154   Data           1  main.o(.data)
    usb_command                              0x20000155   Data           1  main.o(.data)
    Jump_To_Application                      0x20000158   Data           4  main.o(.data)
    JumpAddress                              0x2000015c   Data           4  main.o(.data)
    USBD_Interface_fops_FS                   0x20000160   Data          16  usbd_cdc_if.o(.data)
    UserRxBufferFS                           0x20000170   Data           4  usbd_cdc_if.o(.data)
    UserTxBufferFS                           0x20000174   Data           4  usbd_cdc_if.o(.data)
    USBD_StrDesc                             0x20000180   Data         512  usbd_desc.o(.bss)
    command_buffer                           0x20000380   Data          20  main.o(.bss)
    RAM_buff                                 0x20000394   Data        2048  main.o(.bss)
    hUsbDeviceFS                             0x20000b94   Data         548  usb_device.o(.bss)
    hpcd_USB_OTG_FS                          0x20000fd8   Data         936  usbd_conf.o(.bss)
    hcan1                                    0x20001380   Data          64  can.o(.bss)
    filter                                   0x200013c0   Data          40  can.o(.bss)
    pFlash                                   0x200013f8   Data          32  stm32f1xx_hal_flash.o(.bss)
    __initial_sp                             0x20003918   Data           0  startup_stm32f105xc.o(STACK)



==============================================================================

Memory Map of the image

  Image Entry point : 0x08000151

  Load Region LR_IROM1 (Base: 0x08000000, Size: 0x00003eb0, Max: 0x00020000, ABSOLUTE, COMPRESSED[0x00003df0])

    Execution Region ER_IROM1 (Base: 0x08000000, Size: 0x00003d30, Max: 0x00020000, ABSOLUTE)

    Base Addr    Size         Type   Attr      Idx    E Section Name        Object

    0x08000000   0x00000150   Data   RO            3    RESET               startup_stm32f105xc.o
    0x08000150   0x00000000   Code   RO         2870  * .ARM.Collect$$$$00000000  mc_w.l(entry.o)
    0x08000150   0x00000004   Code   RO         3142    .ARM.Collect$$$$00000001  mc_w.l(entry2.o)
    0x08000154   0x00000004   Code   RO         3145    .ARM.Collect$$$$00000004  mc_w.l(entry5.o)
    0x08000158   0x00000000   Code   RO         3147    .ARM.Collect$$$$00000008  mc_w.l(entry7b.o)
    0x08000158   0x00000000   Code   RO         3149    .ARM.Collect$$$$0000000A  mc_w.l(entry8b.o)
    0x08000158   0x00000008   Code   RO         3150    .ARM.Collect$$$$0000000B  mc_w.l(entry9a.o)
    0x08000160   0x00000000   Code   RO         3152    .ARM.Collect$$$$0000000D  mc_w.l(entry10a.o)
    0x08000160   0x00000000   Code   RO         3154    .ARM.Collect$$$$0000000F  mc_w.l(entry11a.o)
    0x08000160   0x00000004   Code   RO         3143    .ARM.Collect$$$$00002712  mc_w.l(entry2.o)
    0x08000164   0x00000024   Code   RO            4    .text               startup_stm32f105xc.o
    0x08000188   0x00000024   Code   RO         2875    .text               mc_w.l(memcpya.o)
    0x080001ac   0x0000001a   Code   RO         3140    .text               mc_w.l(atoi.o)
    0x080001c6   0x0000002c   Code   RO         3159    .text               mc_w.l(uidiv.o)
    0x080001f2   0x00000070   Code   RO         3170    .text               mc_w.l(strtol.o)
    0x08000262   0x00000002   PAD
    0x08000264   0x00000024   Code   RO         3183    .text               mc_w.l(init.o)
    0x08000288   0x00000008   Code   RO         3190    .text               mc_w.l(ctype_o.o)
    0x08000290   0x0000009e   Code   RO         3218    .text               mc_w.l(_strtoul.o)
    0x0800032e   0x0000001c   Code   RO         3223    .text               mc_w.l(_chval.o)
    0x0800034a   0x00000056   Code   RO         3233    .text               mc_w.l(__dczerorl2.o)
    0x080003a0   0x00000002   Code   RO          718    i.BusFault_Handler  stm32f1xx_it.o
    0x080003a2   0x00000002   PAD
    0x080003a4   0x0000000c   Code   RO          719    i.CAN1_RX0_IRQHandler  stm32f1xx_it.o
    0x080003b0   0x00000108   Code   RO         2748    i.CAN_Receive_IT    stm32f1xx_hal_can.o
    0x080004b8   0x00000004   Code   RO          662    i.CDC_Control_FS    usbd_cdc_if.o
    0x080004bc   0x00000004   Code   RO          663    i.CDC_DeInit_FS     usbd_cdc_if.o
    0x080004c0   0x00000024   Code   RO          664    i.CDC_Init_FS       usbd_cdc_if.o
    0x080004e4   0x000000a0   Code   RO          665    i.CDC_Receive_FS    usbd_cdc_if.o
    0x08000584   0x0000002c   Code   RO          666    i.CDC_Transmit_FS   usbd_cdc_if.o
    0x080005b0   0x00000002   Code   RO          720    i.DebugMon_Handler  stm32f1xx_it.o
    0x080005b2   0x00000002   Code   RO          604    i.Error_Handler     main.o
    0x080005b4   0x00000024   Code   RO         2415    i.FLASH_MassErase   stm32f1xx_hal_flash_ex.o
    0x080005d8   0x00000024   Code   RO         2420    i.FLASH_PageErase   stm32f1xx_hal_flash_ex.o
    0x080005fc   0x00000044   Code   RO         1395    i.FLASH_SetErrorCode  stm32f1xx_hal_flash.o
    0x08000640   0x00000054   Code   RO         1396    i.FLASH_WaitForLastOperation  stm32f1xx_hal_flash.o
    0x08000694   0x00000002   Code   RO         2751    i.HAL_CAN_ErrorCallback  stm32f1xx_hal_can.o
    0x08000696   0x00000002   PAD
    0x08000698   0x00000188   Code   RO         2754    i.HAL_CAN_IRQHandler  stm32f1xx_hal_can.o
    0x08000820   0x00000002   Code   RO         2760    i.HAL_CAN_RxCpltCallback  stm32f1xx_hal_can.o
    0x08000822   0x00000002   Code   RO         2764    i.HAL_CAN_TxCpltCallback  stm32f1xx_hal_can.o
    0x08000824   0x00000016   Code   RO         1504    i.HAL_Delay         stm32f1xx_hal.o
    0x0800083a   0x00000002   PAD
    0x0800083c   0x000000a8   Code   RO         2421    i.HAL_FLASHEx_Erase  stm32f1xx_hal_flash_ex.o
    0x080008e4   0x00000014   Code   RO         1400    i.HAL_FLASH_Lock    stm32f1xx_hal_flash.o
    0x080008f8   0x00000024   Code   RO         1407    i.HAL_FLASH_Unlock  stm32f1xx_hal_flash.o
    0x0800091c   0x000001c8   Code   RO         1277    i.HAL_GPIO_Init     stm32f1xx_hal_gpio.o
    0x08000ae4   0x0000000a   Code   RO         1281    i.HAL_GPIO_WritePin  stm32f1xx_hal_gpio.o
    0x08000aee   0x00000002   PAD
    0x08000af0   0x0000000c   Code   RO         1508    i.HAL_GetTick       stm32f1xx_hal.o
    0x08000afc   0x00000010   Code   RO         1509    i.HAL_IncTick       stm32f1xx_hal.o
    0x08000b0c   0x00000024   Code   RO         1510    i.HAL_Init          stm32f1xx_hal.o
    0x08000b30   0x00000022   Code   RO         1511    i.HAL_InitTick      stm32f1xx_hal.o
    0x08000b52   0x00000002   PAD
    0x08000b54   0x00000080   Code   RO         1049    i.HAL_MspInit       stm32f1xx_hal_msp.o
    0x08000bd4   0x00000016   Code   RO         2502    i.HAL_NVIC_EnableIRQ  stm32f1xx_hal_cortex.o
    0x08000bea   0x00000002   PAD
    0x08000bec   0x00000040   Code   RO         2508    i.HAL_NVIC_SetPriority  stm32f1xx_hal_cortex.o
    0x08000c2c   0x00000024   Code   RO         2509    i.HAL_NVIC_SetPriorityGrouping  stm32f1xx_hal_cortex.o
    0x08000c50   0x00000002   Code   RO          840    i.HAL_PCDEx_SetConnectionState  usbd_conf.o
    0x08000c52   0x00000008   Code   RO         1341    i.HAL_PCDEx_SetRxFiFo  stm32f1xx_hal_pcd_ex.o
    0x08000c5a   0x00000044   Code   RO         1342    i.HAL_PCDEx_SetTxFiFo  stm32f1xx_hal_pcd_ex.o
    0x08000c9e   0x00000008   Code   RO          841    i.HAL_PCD_ConnectCallback  usbd_conf.o
    0x08000ca6   0x00000012   Code   RO          842    i.HAL_PCD_DataInStageCallback  usbd_conf.o
    0x08000cb8   0x00000014   Code   RO          843    i.HAL_PCD_DataOutStageCallback  usbd_conf.o
    0x08000ccc   0x00000008   Code   RO          844    i.HAL_PCD_DisconnectCallback  usbd_conf.o
    0x08000cd4   0x00000044   Code   RO         2024    i.HAL_PCD_EP_Close  stm32f1xx_hal_pcd.o
    0x08000d18   0x00000050   Code   RO         2025    i.HAL_PCD_EP_ClrStall  stm32f1xx_hal_pcd.o
    0x08000d68   0x00000014   Code   RO         2027    i.HAL_PCD_EP_GetRxCount  stm32f1xx_hal_pcd.o
    0x08000d7c   0x00000048   Code   RO         2028    i.HAL_PCD_EP_Open   stm32f1xx_hal_pcd.o
    0x08000dc4   0x00000052   Code   RO         2029    i.HAL_PCD_EP_Receive  stm32f1xx_hal_pcd.o
    0x08000e16   0x0000005e   Code   RO         2030    i.HAL_PCD_EP_SetStall  stm32f1xx_hal_pcd.o
    0x08000e74   0x0000004c   Code   RO         2031    i.HAL_PCD_EP_Transmit  stm32f1xx_hal_pcd.o
    0x08000ec0   0x00000332   Code   RO         2033    i.HAL_PCD_IRQHandler  stm32f1xx_hal_pcd.o
    0x080011f2   0x00000008   Code   RO          845    i.HAL_PCD_ISOINIncompleteCallback  usbd_conf.o
    0x080011fa   0x00000008   Code   RO          846    i.HAL_PCD_ISOOUTIncompleteCallback  usbd_conf.o
    0x08001202   0x000000c4   Code   RO         2036    i.HAL_PCD_Init      stm32f1xx_hal_pcd.o
    0x080012c6   0x00000002   PAD
    0x080012c8   0x00000050   Code   RO          848    i.HAL_PCD_MspInit   usbd_conf.o
    0x08001318   0x00000020   Code   RO          849    i.HAL_PCD_ResetCallback  usbd_conf.o
    0x08001338   0x00000008   Code   RO          850    i.HAL_PCD_ResumeCallback  usbd_conf.o
    0x08001340   0x00000008   Code   RO          851    i.HAL_PCD_SOFCallback  usbd_conf.o
    0x08001348   0x00000028   Code   RO         2042    i.HAL_PCD_SetAddress  stm32f1xx_hal_pcd.o
    0x08001370   0x0000000e   Code   RO          852    i.HAL_PCD_SetupStageCallback  usbd_conf.o
    0x0800137e   0x00000032   Code   RO         2044    i.HAL_PCD_Start     stm32f1xx_hal_pcd.o
    0x080013b0   0x00000030   Code   RO          853    i.HAL_PCD_SuspendCallback  usbd_conf.o
    0x080013e0   0x00000208   Code   RO         2361    i.HAL_RCCEx_PeriphCLKConfig  stm32f1xx_hal_rcc_ex.o
    0x080015e8   0x00000180   Code   RO         1914    i.HAL_RCC_ClockConfig  stm32f1xx_hal_rcc.o
    0x08001768   0x0000000c   Code   RO         1919    i.HAL_RCC_GetHCLKFreq  stm32f1xx_hal_rcc.o
    0x08001774   0x000000dc   Code   RO         1923    i.HAL_RCC_GetSysClockFreq  stm32f1xx_hal_rcc.o
    0x08001850   0x000006de   Code   RO         1926    i.HAL_RCC_OscConfig  stm32f1xx_hal_rcc.o
    0x08001f2e   0x00000018   Code   RO         2511    i.HAL_SYSTICK_CLKSourceConfig  stm32f1xx_hal_cortex.o
    0x08001f46   0x00000002   Code   RO         2512    i.HAL_SYSTICK_Callback  stm32f1xx_hal_cortex.o
    0x08001f48   0x00000028   Code   RO         2513    i.HAL_SYSTICK_Config  stm32f1xx_hal_cortex.o
    0x08001f70   0x00000008   Code   RO         2514    i.HAL_SYSTICK_IRQHandler  stm32f1xx_hal_cortex.o
    0x08001f78   0x00000002   Code   RO          721    i.HardFault_Handler  stm32f1xx_it.o
    0x08001f7a   0x00000002   PAD
    0x08001f7c   0x0000004c   Code   RO         1200    i.Internal_Flash_Write  bootloader_function.o
    0x08001fc8   0x00000064   Code   RO          605    i.MX_GPIO_Init      main.o
    0x0800202c   0x00000038   Code   RO          806    i.MX_USB_DEVICE_Init  usb_device.o
    0x08002064   0x00000002   Code   RO          722    i.MemManage_Handler  stm32f1xx_it.o
    0x08002066   0x00000002   Code   RO          723    i.NMI_Handler       stm32f1xx_it.o
    0x08002068   0x00000020   Code   RO         2515    i.NVIC_SetPriority  stm32f1xx_hal_cortex.o
    0x08002088   0x0000000c   Code   RO          724    i.OTG_FS_IRQHandler  stm32f1xx_it.o
    0x08002094   0x0000008c   Code   RO         2047    i.PCD_WriteEmptyTxFifo  stm32f1xx_hal_pcd.o
    0x08002120   0x00000002   Code   RO          725    i.PendSV_Handler    stm32f1xx_it.o
    0x08002122   0x00000002   PAD
    0x08002124   0x00000050   Code   RO         1201    i.RAM_buffer_fill   bootloader_function.o
    0x08002174   0x000000e4   Code   RO         1202    i.RTEA_decoder      bootloader_function.o
    0x08002258   0x00000002   Code   RO          726    i.SVC_Handler       stm32f1xx_it.o
    0x0800225a   0x0000000e   Code   RO          727    i.SysTick_Handler   stm32f1xx_it.o
    0x08002268   0x00000090   Code   RO          606    i.SystemClock_Config  main.o
    0x080022f8   0x00000054   Code   RO           14    i.SystemInit        system_stm32f1xx.o
    0x0800234c   0x00000014   Code   RO          223    i.USBD_CDC_DataIn   usbd_cdc.o
    0x08002360   0x0000002e   Code   RO          224    i.USBD_CDC_DataOut  usbd_cdc.o
    0x0800238e   0x0000003c   Code   RO          225    i.USBD_CDC_DeInit   usbd_cdc.o
    0x080023ca   0x00000024   Code   RO          226    i.USBD_CDC_EP0_RxReady  usbd_cdc.o
    0x080023ee   0x00000002   PAD
    0x080023f0   0x0000000c   Code   RO          227    i.USBD_CDC_GetDeviceQualifierDescriptor  usbd_cdc.o
    0x080023fc   0x0000000c   Code   RO          228    i.USBD_CDC_GetFSCfgDesc  usbd_cdc.o
    0x08002408   0x0000000c   Code   RO          229    i.USBD_CDC_GetHSCfgDesc  usbd_cdc.o
    0x08002414   0x0000000c   Code   RO          230    i.USBD_CDC_GetOtherSpeedCfgDesc  usbd_cdc.o
    0x08002420   0x00000088   Code   RO          231    i.USBD_CDC_Init     usbd_cdc.o
    0x080024a8   0x00000028   Code   RO          232    i.USBD_CDC_ReceivePacket  usbd_cdc.o
    0x080024d0   0x00000010   Code   RO          233    i.USBD_CDC_RegisterInterface  usbd_cdc.o
    0x080024e0   0x0000000c   Code   RO          234    i.USBD_CDC_SetRxBuffer  usbd_cdc.o
    0x080024ec   0x00000010   Code   RO          235    i.USBD_CDC_SetTxBuffer  usbd_cdc.o
    0x080024fc   0x00000070   Code   RO          236    i.USBD_CDC_Setup    usbd_cdc.o
    0x0800256c   0x00000030   Code   RO          237    i.USBD_CDC_TransmitPacket  usbd_cdc.o
    0x0800259c   0x0000000e   Code   RO          398    i.USBD_ClrClassConfig  usbd_core.o
    0x080025aa   0x00000010   Code   RO          138    i.USBD_CtlContinueRx  usbd_ioreq.o
    0x080025ba   0x00000010   Code   RO          139    i.USBD_CtlContinueSendData  usbd_ioreq.o
    0x080025ca   0x00000016   Code   RO          333    i.USBD_CtlError     usbd_ctlreq.o
    0x080025e0   0x0000001e   Code   RO          140    i.USBD_CtlPrepareRx  usbd_ioreq.o
    0x080025fe   0x00000016   Code   RO          141    i.USBD_CtlReceiveStatus  usbd_ioreq.o
    0x08002614   0x0000001a   Code   RO          142    i.USBD_CtlSendData  usbd_ioreq.o
    0x0800262e   0x00000016   Code   RO          143    i.USBD_CtlSendStatus  usbd_ioreq.o
    0x08002644   0x00000020   Code   RO          536    i.USBD_FS_ConfigStrDescriptor  usbd_desc.o
    0x08002664   0x0000000c   Code   RO          537    i.USBD_FS_DeviceDescriptor  usbd_desc.o
    0x08002670   0x00000024   Code   RO          538    i.USBD_FS_InterfaceStrDescriptor  usbd_desc.o
    0x08002694   0x0000000c   Code   RO          539    i.USBD_FS_LangIDStrDescriptor  usbd_desc.o
    0x080026a0   0x00000028   Code   RO          540    i.USBD_FS_ManufacturerStrDescriptor  usbd_desc.o
    0x080026c8   0x0000002c   Code   RO          541    i.USBD_FS_ProductStrDescriptor  usbd_desc.o
    0x080026f4   0x00000024   Code   RO          542    i.USBD_FS_SerialStrDescriptor  usbd_desc.o
    0x08002718   0x000000e0   Code   RO          334    i.USBD_GetDescriptor  usbd_ctlreq.o
    0x080027f8   0x00000046   Code   RO          335    i.USBD_GetString    usbd_ctlreq.o
    0x0800283e   0x0000002a   Code   RO          400    i.USBD_Init         usbd_core.o
    0x08002868   0x0000000e   Code   RO          854    i.USBD_LL_ClearStallEP  usbd_conf.o
    0x08002876   0x0000000e   Code   RO          855    i.USBD_LL_CloseEP   usbd_conf.o
    0x08002884   0x000000aa   Code   RO          401    i.USBD_LL_DataInStage  usbd_core.o
    0x0800292e   0x0000006a   Code   RO          402    i.USBD_LL_DataOutStage  usbd_core.o
    0x08002998   0x00000004   Code   RO          403    i.USBD_LL_DevConnected  usbd_core.o
    0x0800299c   0x00000016   Code   RO          404    i.USBD_LL_DevDisconnected  usbd_core.o
    0x080029b2   0x00000008   Code   RO          859    i.USBD_LL_GetRxDataSize  usbd_conf.o
    0x080029ba   0x00000002   PAD
    0x080029bc   0x00000058   Code   RO          860    i.USBD_LL_Init      usbd_conf.o
    0x08002a14   0x00000020   Code   RO          861    i.USBD_LL_IsStallEP  usbd_conf.o
    0x08002a34   0x00000004   Code   RO          405    i.USBD_LL_IsoINIncomplete  usbd_core.o
    0x08002a38   0x00000004   Code   RO          406    i.USBD_LL_IsoOUTIncomplete  usbd_core.o
    0x08002a3c   0x00000014   Code   RO          862    i.USBD_LL_OpenEP    usbd_conf.o
    0x08002a50   0x0000000e   Code   RO          863    i.USBD_LL_PrepareReceive  usbd_conf.o
    0x08002a5e   0x0000003e   Code   RO          407    i.USBD_LL_Reset     usbd_core.o
    0x08002a9c   0x0000000c   Code   RO          408    i.USBD_LL_Resume    usbd_core.o
    0x08002aa8   0x00000018   Code   RO          409    i.USBD_LL_SOF       usbd_core.o
    0x08002ac0   0x00000006   Code   RO          410    i.USBD_LL_SetSpeed  usbd_core.o
    0x08002ac6   0x0000000e   Code   RO          864    i.USBD_LL_SetUSBAddress  usbd_conf.o
    0x08002ad4   0x0000005a   Code   RO          411    i.USBD_LL_SetupStage  usbd_core.o
    0x08002b2e   0x0000000e   Code   RO          865    i.USBD_LL_StallEP   usbd_conf.o
    0x08002b3c   0x0000000e   Code   RO          866    i.USBD_LL_Start     usbd_conf.o
    0x08002b4a   0x00000012   Code   RO          412    i.USBD_LL_Suspend   usbd_core.o
    0x08002b5c   0x0000000e   Code   RO          868    i.USBD_LL_Transmit  usbd_conf.o
    0x08002b6a   0x00000028   Code   RO          336    i.USBD_ParseSetupRequest  usbd_ctlreq.o
    0x08002b92   0x00000010   Code   RO          413    i.USBD_RegisterClass  usbd_core.o
    0x08002ba2   0x00000016   Code   RO          415    i.USBD_SetClassConfig  usbd_core.o
    0x08002bb8   0x00000074   Code   RO          337    i.USBD_SetConfig    usbd_ctlreq.o
    0x08002c2c   0x0000000a   Code   RO          416    i.USBD_Start        usbd_core.o
    0x08002c36   0x000000f2   Code   RO          338    i.USBD_StdDevReq    usbd_ctlreq.o
    0x08002d28   0x000000dc   Code   RO          339    i.USBD_StdEPReq     usbd_ctlreq.o
    0x08002e04   0x00000034   Code   RO          340    i.USBD_StdItfReq    usbd_ctlreq.o
    0x08002e38   0x00000002   Code   RO          869    i.USBD_static_free  usbd_conf.o
    0x08002e3a   0x00000002   PAD
    0x08002e3c   0x00000008   Code   RO          870    i.USBD_static_malloc  usbd_conf.o
    0x08002e44   0x00000090   Code   RO         1631    i.USB_ActivateEndpoint  stm32f1xx_ll_usb.o
    0x08002ed4   0x00000034   Code   RO         1633    i.USB_ActivateSetup  stm32f1xx_ll_usb.o
    0x08002f08   0x0000001c   Code   RO         1635    i.USB_CoreInit      stm32f1xx_ll_usb.o
    0x08002f24   0x0000004c   Code   RO         1636    i.USB_CoreReset     stm32f1xx_ll_usb.o
    0x08002f70   0x0000006e   Code   RO         1638    i.USB_DeactivateEndpoint  stm32f1xx_ll_usb.o
    0x08002fde   0x00000018   Code   RO         1639    i.USB_DevConnect    stm32f1xx_ll_usb.o
    0x08002ff6   0x00000018   Code   RO         1640    i.USB_DevDisconnect  stm32f1xx_ll_usb.o
    0x0800300e   0x00000002   PAD
    0x08003010   0x00000108   Code   RO         1641    i.USB_DevInit       stm32f1xx_ll_usb.o
    0x08003118   0x0000000c   Code   RO         1642    i.USB_DisableGlobalInt  stm32f1xx_ll_usb.o
    0x08003124   0x0000011c   Code   RO         1645    i.USB_EP0StartXfer  stm32f1xx_ll_usb.o
    0x08003240   0x0000002e   Code   RO         1646    i.USB_EP0_OutStart  stm32f1xx_ll_usb.o
    0x0800326e   0x00000064   Code   RO         1647    i.USB_EPClearStall  stm32f1xx_ll_usb.o
    0x080032d2   0x0000005e   Code   RO         1648    i.USB_EPSetStall    stm32f1xx_ll_usb.o
    0x08003330   0x000001f4   Code   RO         1649    i.USB_EPStartXfer   stm32f1xx_ll_usb.o
    0x08003524   0x0000000c   Code   RO         1650    i.USB_EnableGlobalInt  stm32f1xx_ll_usb.o
    0x08003530   0x00000020   Code   RO         1651    i.USB_FlushRxFifo   stm32f1xx_ll_usb.o
    0x08003550   0x00000024   Code   RO         1652    i.USB_FlushTxFifo   stm32f1xx_ll_usb.o
    0x08003574   0x00000008   Code   RO         1656    i.USB_GetMode       stm32f1xx_ll_usb.o
    0x0800357c   0x0000000e   Code   RO         1663    i.USB_ReadDevAllInEpInterrupt  stm32f1xx_ll_usb.o
    0x0800358a   0x0000000e   Code   RO         1664    i.USB_ReadDevAllOutEpInterrupt  stm32f1xx_ll_usb.o
    0x08003598   0x0000001e   Code   RO         1665    i.USB_ReadDevInEPInterrupt  stm32f1xx_ll_usb.o
    0x080035b6   0x00000010   Code   RO         1666    i.USB_ReadDevOutEPInterrupt  stm32f1xx_ll_usb.o
    0x080035c6   0x00000008   Code   RO         1667    i.USB_ReadInterrupts  stm32f1xx_ll_usb.o
    0x080035ce   0x00000020   Code   RO         1668    i.USB_ReadPacket    stm32f1xx_ll_usb.o
    0x080035ee   0x0000002c   Code   RO         1670    i.USB_SetCurrentMode  stm32f1xx_ll_usb.o
    0x0800361a   0x00000022   Code   RO         1671    i.USB_SetDevAddress  stm32f1xx_ll_usb.o
    0x0800363c   0x00000022   Code   RO         1675    i.USB_WritePacket   stm32f1xx_ll_usb.o
    0x0800365e   0x00000002   Code   RO          728    i.UsageFault_Handler  stm32f1xx_it.o
    0x08003660   0x00000028   Code   RO         3036    i.__0sprintf$6      mc_w.l(printf6.o)
    0x08003688   0x00000008   Code   RO         3163    i.__aeabi_errno_addr  mc_w.l(errno.o)
    0x08003690   0x0000000e   Code   RO         3227    i.__scatterload_copy  mc_w.l(handlers.o)
    0x0800369e   0x00000002   Code   RO         3228    i.__scatterload_null  mc_w.l(handlers.o)
    0x080036a0   0x0000000e   Code   RO         3229    i.__scatterload_zeroinit  mc_w.l(handlers.o)
    0x080036ae   0x00000002   PAD
    0x080036b0   0x000002f0   Code   RO         3041    i._printf_core      mc_w.l(printf6.o)
    0x080039a0   0x00000024   Code   RO         3042    i._printf_post_padding  mc_w.l(printf6.o)
    0x080039c4   0x0000002e   Code   RO         3043    i._printf_pre_padding  mc_w.l(printf6.o)
    0x080039f2   0x0000000a   Code   RO         3045    i._sputc            mc_w.l(printf6.o)
    0x080039fc   0x00000032   Code   RO         1203    i.flash_erase_page  bootloader_function.o
    0x08003a2e   0x00000002   PAD
    0x08003a30   0x00000040   Code   RO         1204    i.flash_write_page  bootloader_function.o
    0x08003a70   0x00000062   Code   RO         1205    i.hexint            bootloader_function.o
    0x08003ad2   0x00000002   PAD
    0x08003ad4   0x000000bc   Code   RO          607    i.main              main.o
    0x08003b90   0x0000002c   Code   RO         1170    i.my_led_off        led_manager.o
    0x08003bbc   0x0000002c   Code   RO         1171    i.my_led_on         led_manager.o
    0x08003be8   0x0000004c   Code   RO         1207    i.operation_manager  bootloader_function.o
    0x08003c34   0x0000002c   Code   RO         1208    i.set_page          bootloader_function.o
    0x08003c60   0x00000010   Data   RO           15    .constdata          system_stm32f1xx.o
    0x08003c70   0x00000018   Data   RO         1210    .constdata          bootloader_function.o
    0x08003c88   0x00000081   Data   RO         3191    .constdata          mc_w.l(ctype_o.o)
    0x08003d09   0x00000003   PAD
    0x08003d0c   0x00000004   Data   RO         3192    .constdata          mc_w.l(ctype_o.o)
    0x08003d10   0x00000020   Data   RO         3225    Region$$Table       anon$$obj.o


    Execution Region RW_IRAM1 (Base: 0x20000000, Size: 0x00003918, Max: 0x00010000, ABSOLUTE, COMPRESSED[0x000000c0])

    Base Addr    Size         Type   Attr      Idx    E Section Name        Object

    0x20000000   0x00000004   Data   RW           17    .data               system_stm32f1xx.o
    0x20000004   0x000000db   Data   RW          238    .data               usbd_cdc.o
    0x200000df   0x00000001   PAD
    0x200000e0   0x00000038   Data   RW          239    .data               usbd_cdc.o
    0x20000118   0x00000001   Data   RW          341    .data               usbd_ctlreq.o
    0x20000119   0x00000003   PAD
    0x2000011c   0x0000001c   Data   RW          544    .data               usbd_desc.o
    0x20000138   0x00000016   Data   RW          545    .data               usbd_desc.o
    0x2000014e   0x00000001   Data   RW          610    .data               main.o
    0x2000014f   0x00000001   PAD
    0x20000150   0x00000002   Data   RW          611    .data               main.o
    0x20000152   0x00000002   PAD
    0x20000154   0x0000000c   Data   RW          612    .data               main.o
    0x20000160   0x00000010   Data   RW          667    .data               usbd_cdc_if.o
    0x20000170   0x00000008   Data   RW          668    .data               usbd_cdc_if.o
    0x20000178   0x00000004   Data   RW         1516    .data               stm32f1xx_hal.o
    0x2000017c   0x00000004   Data   RW         3166    .data               mc_w.l(errno.o)
    0x20000180   0x00000200   Zero   RW          543    .bss                usbd_desc.o
    0x20000380   0x00000014   Zero   RW          608    .bss                main.o
    0x20000394   0x00000800   Zero   RW          609    .bss                main.o
    0x20000b94   0x00000224   Zero   RW          807    .bss                usb_device.o
    0x20000db8   0x000005c8   Zero   RW          871    .bss                usbd_conf.o
    0x20001380   0x00000068   Zero   RW         1095    .bss                can.o
    0x200013e8   0x00000010   Zero   RW         1209    .bss                bootloader_function.o
    0x200013f8   0x00000020   Zero   RW         1408    .bss                stm32f1xx_hal_flash.o
    0x20001418   0x00002500   Zero   RW            1    STACK               startup_stm32f105xc.o


==============================================================================

Image component sizes


      Code (inc. data)   RO Data    RW Data    ZI Data      Debug   Object Name

       716         98         24          0         16       6239   bootloader_function.o
         0          0          0          0        104        315   can.o
        88         12          0          0          0       1001   led_manager.o
       434         28          0         15       2068       6724   main.o
        36          8        336          0       9472        800   startup_stm32f105xc.o
       120         16          0          4          0       3622   stm32f1xx_hal.o
       662         14          0          0          0       4075   stm32f1xx_hal_can.o
       228         14          0          0          0      27385   stm32f1xx_hal_cortex.o
       208         30          0          0         32       2682   stm32f1xx_hal_flash.o
       240         26          0          0          0       3337   stm32f1xx_hal_flash_ex.o
       466         34          0          0          0       3044   stm32f1xx_hal_gpio.o
       128         10          0          0          0        858   stm32f1xx_hal_msp.o
      1736          0          0          0          0      10777   stm32f1xx_hal_pcd.o
        76          0          0          0          0       1844   stm32f1xx_hal_pcd_ex.o
      2374         76          0          0          0       5306   stm32f1xx_hal_rcc.o
       520         12          0          0          0       1664   stm32f1xx_hal_rcc_ex.o
        54         12          0          0          0       4720   stm32f1xx_it.o
      2072         40          0          0          0      18414   stm32f1xx_ll_usb.o
        84         16         16          4          0     612035   system_stm32f1xx.o
        56         18          0          0        548        708   usb_device.o
       590         22          0        275          0      12782   usbd_cdc.o
       248         54          0         24          0       5349   usbd_cdc_if.o
       518         22          0          0       1480      14657   usbd_conf.o
       626          0          0          0          0      11737   usbd_core.o
       986         30          0          1          0       7848   usbd_ctlreq.o
       212        116          0         50        512       5015   usbd_desc.o
       132          0          0          0          0       8724   usbd_ioreq.o

    ----------------------------------------------------------------------
     13640        708        408        380      14232     781662   Object Totals
         0          0         32          0          0          0   (incl. Generated)
        30          0          0          7          0          0   (incl. Padding)

    ----------------------------------------------------------------------

      Code (inc. data)   RO Data    RW Data    ZI Data      Debug   Library Member Name

        86          0          0          0          0          0   __dczerorl2.o
        28          0          0          0          0         68   _chval.o
       158          0          0          0          0         92   _strtoul.o
        26          0          0          0          0         80   atoi.o
         8          4        133          0          0         68   ctype_o.o
         0          0          0          0          0          0   entry.o
         0          0          0          0          0          0   entry10a.o
         0          0          0          0          0          0   entry11a.o
         8          4          0          0          0          0   entry2.o
         4          0          0          0          0          0   entry5.o
         0          0          0          0          0          0   entry7b.o
         0          0          0          0          0          0   entry8b.o
         8          4          0          0          0          0   entry9a.o
         8          4          0          4          0         68   errno.o
        30          0          0          0          0          0   handlers.o
        36          8          0          0          0         68   init.o
        36          0          0          0          0         68   memcpya.o
       884         10          0          0          0        420   printf6.o
       112          0          0          0          0         88   strtol.o
        44          0          0          0          0         80   uidiv.o

    ----------------------------------------------------------------------
      1480         34        136          4          0       1100   Library Totals
         4          0          3          0          0          0   (incl. Padding)

    ----------------------------------------------------------------------

      Code (inc. data)   RO Data    RW Data    ZI Data      Debug   Library Name

      1476         34        133          4          0       1100   mc_w.l

    ----------------------------------------------------------------------
      1480         34        136          4          0       1100   Library Totals

    ----------------------------------------------------------------------

==============================================================================


      Code (inc. data)   RO Data    RW Data    ZI Data      Debug   

     15120        742        544        384      14232     773010   Grand Totals
     15120        742        544        192      14232     773010   ELF Image Totals (compressed)
     15120        742        544        192          0          0   ROM Totals

==============================================================================

    Total RO  Size (Code + RO Data)                15664 (  15.30kB)
    Total RW  Size (RW Data + ZI Data)             14616 (  14.27kB)
    Total ROM Size (Code + RO Data + RW Data)      15856 (  15.48kB)

==============================================================================

