<html>
<body>
<pre>
<h1>µVision Build Log</h1>
<h2>Tool Versions:</h2>
IDE-Version: µVision V5.22.0.0
Copyright (C) 2016 ARM Ltd and ARM Germany GmbH. All rights reserved.
License Information: A b, c, LIC=AK1CX-HXB9Y-XCIJ0-B43X2-ZBPKA-5LEDR
 
Tool Versions:
Toolchain:       MDK-ARM Professional  Version: 5.22
Toolchain Path:  C:\Keil_v5\ARM\ARMCC\Bin
C Compiler:      Armcc.exe V5.06 update 4 (build 422)
Assembler:       Armasm.exe V5.06 update 4 (build 422)
Linker/Locator:  ArmLink.exe V5.06 update 4 (build 422)
Library Manager: ArmAr.exe V5.06 update 4 (build 422)
Hex Converter:   FromElf.exe V5.06 update 4 (build 422)
CPU DLL:         SARMCM3.DLL V5.22
Dialog DLL:      DCM.DLL V1.13.9.0
Target DLL:      STLink\ST-LINKIII-KEIL_SWO.dll V2.0.18.0
Dialog DLL:      TCM.DLL V1.21.0.0
 
<h2>Project:</h2>
C:\Users\Þçåð\Desktop\CH3\boot\4_old_switch_new_comm\MDK-ARM\F105_1_16_05_17.uvprojx
Project File Date:  07/15/2017

<h2>Output:</h2>
*** Using Compiler 'V5.06 update 4 (build 422)', folder: 'C:\Keil_v5\ARM\ARMCC\Bin'
Build target 'F105_1_16_05_17'
compiling main.c...
../Inc/led_manager.h(2): warning:  #1-D: last line of file ends without a newline
  void my_led_off(unsigned char led);
../Src/main.c(48): warning:  #177-D: function "MX_CAN1_Init"  was declared but never referenced
  static void MX_CAN1_Init(void);
../Src/main.c(49): warning:  #177-D: function "MX_CAN2_Init"  was declared but never referenced
  static void MX_CAN2_Init(void);
../Src/main.c: 3 warnings, 0 errors
linking...
Program Size: Code=15120 RO-data=544 RW-data=384 ZI-data=14232  
"F105_1_16_05_17\F105_1_16_05_17.axf" - 0 Error(s), 3 Warning(s).

<h2>Software Packages used:</h2>

Package Vendor: ARM
                http://www.keil.com/pack/ARM.CMSIS.5.0.0.pack
                ARM::CMSIS:CORE:5.0.0
                CMSIS (Cortex Microcontroller Software Interface Standard)
   * Component: CORE Version: 5.0.0

<h2>Collection of Component include folders:</h2>
  C:\Users\Þçåð\Desktop\CH3\boot\4_old_switch_new_comm\MDK-ARM\RTE\_F105_1_16_05_17
  C:\Keil_v5\ARM\PACK\ARM\CMSIS\5.0.0\CMSIS\Include
  C:\Keil_v5\ARM\PACK\Keil\STM32F1xx_DFP\2.1.0\Device\Include

<h2>Collection of Component Files used:</h2>

   * Component: ARM::CMSIS:CORE:5.0.0
Build Time Elapsed:  00:00:06
</pre>
</body>
</html>
